[Licensing::Module] Trying to connect to existing licensing client channel...
Built from '6000.5/staging' branch; Version is '6000.5.5f1 (d16e074b49fd) revision 13725191'; Using compiler version '194234433'; Build Type 'Release'
OS: 'Windows 11  (10.0.26200) Professional' Language: 'ko' Physical Memory: 32372 MB
BatchMode: 1, IsHumanControllingUs: 0, StartBugReporterOnCrash: 0, Is64bit: 1
System  architecture: x64
Process architecture: x64
Date: 2026-07-29T05:27:00Z
[Licensing::IpcConnector] Connection to channel LicenseClient-myong refused
Assertion failed on expression: 'SUCCEEDED(hr)'
Assertion failed on expression: 'SUCCEEDED(hr)'
Assertion failed on expression: 'ERROR_SUCCESS == status'
[Licensing::Module] Successfully launched the LicensingClient (PId: 31756)

COMMAND LINE ARGUMENTS:
C:\Program Files\Unity\Hub\Editor\6000.5.5f1\Editor\Unity.exe
-batchmode
-nographics
-projectPath
C:\Users\myong\NaManMoo
-runTests
-testPlatform
EditMode
-testResults
C:\Users\myong\NaManMoo\Artifacts\health-baseline-editmode.xml
-logFile
C:\Users\myong\NaManMoo\Artifacts\health-baseline-editmode.log
Successfully changed project path to: C:\Users\myong\NaManMoo
C:/Users/myong/NaManMoo
[UnityMemory] Configuration Parameters - Can be set up in boot.config
    "memorysetup-temp-allocator-size-gi-baking-worker=262144"
    "memorysetup-temp-allocator-size-gi-baking-worker=262144"
    "memorysetup-temp-allocator-size-gi-baking-worker=262144"
    "memorysetup-temp-allocator-size-gi-baking-worker=262144"
    "memorysetup-temp-allocator-size-gi-baking-worker=262144"
    "memorysetup-temp-allocator-size-nav-mesh-worker=65536"
    "memorysetup-temp-allocator-size-audio-worker=65536"
    "memorysetup-temp-allocator-size-cloud-worker=32768"
    "memorysetup-temp-allocator-size-gfx=262144"
    "memorysetup-temp-allocator-size-preload-manager=33554432"
    "memorysetup-allocator-temp-initial-block-size-main=262144"
    "memorysetup-allocator-temp-initial-block-size-worker=262144"
    "memorysetup-temp-allocator-size-job-worker=262144"
    "memorysetup-temp-allocator-size-background-worker=32768"
    "memorysetup-bucket-allocator-granularity=16"
    "memorysetup-bucket-allocator-bucket-count=8"
    "memorysetup-bucket-allocator-block-size=33554432"
    "memorysetup-bucket-allocator-block-count=8"
    "memorysetup-main-allocator-block-size=16777216"
    "memorysetup-thread-allocator-block-size=16777216"
    "memorysetup-main-allocator-mimalloc-enabled=0"
    "memorysetup-gfx-main-allocator-block-size=16777216"
    "memorysetup-gfx-thread-allocator-block-size=16777216"
    "memorysetup-cache-allocator-block-size=4194304"
    "memorysetup-typetree-allocator-block-size=2097152"
    "memorysetup-profiler-bucket-allocator-granularity=16"
    "memorysetup-profiler-bucket-allocator-bucket-count=8"
    "memorysetup-profiler-bucket-allocator-block-size=33554432"
    "memorysetup-profiler-bucket-allocator-block-count=8"
    "memorysetup-profiler-allocator-block-size=16777216"
    "memorysetup-profiler-editor-allocator-block-size=1048576"
    "memorysetup-temp-allocator-size-main=16777216"
    "memorysetup-job-temp-allocator-block-size=2097152"
    "memorysetup-job-temp-allocator-block-size-background=1048576"
    "memorysetup-job-temp-allocator-reduction-small-platforms=262144"
Logging is directed to a specific file, skipping project log.Player connection [8144]  Target information:

Player connection [8144]  * "[IP] 172.20.96.1 [Port] 55504 [Flags] 2 [Guid] 835649594 [EditorId] 835649594 [Version] 1048832 [Id] WindowsEditor(7,명석메인PC) [Debug] 1 [PackageName] WindowsEditor [ProjectName] Editor" 

Player connection [8144]  * "[IP] 192.168.0.21 [Port] 55504 [Flags] 2 [Guid] 835649594 [EditorId] 835649594 [Version] 1048832 [Id] WindowsEditor(7,명석메인PC) [Debug] 1 [PackageName] WindowsEditor [ProjectName] Editor" 

Player connection [8144] Host joined multi-casting on [225.0.0.222:54997]...
Player connection [8144] Host joined alternative multi-casting on [225.0.0.222:34997]...
Input System module state changed to: Initialized.
[Physics::Module] Initialized fallback backend.
[Physics::Module] Id: 0xdecafbad
[Package Manager] Connected to IPC stream "Upm-34564" after 0.2 seconds.
[Licensing::Module] Licensing is not yet initialized.
[Licensing::Module] Error: Timed-out after 60.01s, waiting for Licensing to initialize
Library Redirect Path: Library/
[Physics::Module] Selected backend.
[Physics::Module] Name: PhysX
[Physics::Module] Id: 0xf2b8ea05
[Physics::Module] SDK Version: 4.1.2
[Physics::Module] Integration Version: 1.0.0
[Physics::Module] Threading Mode: Multi-Threaded
Initialize engine version: 6000.5.5f1 (d16e074b49fd)
[Subsystems] Discovering subsystems at path C:/Program Files/Unity/Hub/Editor/6000.5.5f1/Editor/Data/Resources/UnitySubsystems
[Subsystems] Discovering subsystems at path C:/Users/myong/NaManMoo/Assets
Forcing GfxDevice: Null
GfxDevice: creating device client; kGfxThreadingModeNonThreaded
NullGfxDevice:
    Version:  NULL 1.0 [1.0]
    Renderer: Null Device
    Vendor:   Unity Technologies
Shader Hidden/ChartRasterizerHardware is not supported: GPU does not support conservative rasterization
Initialize mono
Mono path[0] = 'C:/Program Files/Unity/Hub/Editor/6000.5.5f1/Editor/Data/Managed'
Mono path[1] = 'C:/Program Files/Unity/Hub/Editor/6000.5.5f1/Editor/Data/BCLExtensions/runtime/netstandard2.1'
Mono path[2] = 'C:/Program Files/Unity/Hub/Editor/6000.5.5f1/Editor/Data/MonoBleedingEdge/lib/mono/unityjit-win32'
Mono config path = 'C:/Program Files/Unity/Hub/Editor/6000.5.5f1/Editor/Data/MonoBleedingEdge/etc'
Using monoOptions --debugger-agent=transport=dt_socket,embedding=1,server=y,suspend=n,address=127.0.0.1:56564
CodeReloadManager initialized
ImportWorker Server TCP listen port: 0
AcceleratorClientConnectionCallback - disconnected - :0
Begin MonoManager ReloadAssembly
Registering precompiled unity dll's ...
Register platform support module: C:/Program Files/Unity/Hub/Editor/6000.5.5f1/Editor/Data/PlaybackEngines/WebGLSupport/UnityEditor.WebGL.Extensions.dll
Register platform support module: C:/Program Files/Unity/Hub/Editor/6000.5.5f1/Editor/Data/PlaybackEngines/WindowsStandaloneSupport/UnityEditor.WindowsStandalone.Extensions.dll
Registered in 0.343771 seconds.
Native extension for WindowsStandalone target not found
Native extension for WebGL target not found
Package Manager log level set to [2]
ScheduleIndexationOnStartup MainProcess:False IndexOnStartup:True
Mono: successfully reloaded assembly
- Finished resetting the current domain, in  0.352 seconds
Domain Reload Profiling: 2373ms
	BeginReloadAssembly (263ms)
		CreateAndSetChildDomain (23ms)
	RebuildCommonClasses (6ms)
	RebuildNativeTypeToScriptingClass (163ms)
	initialDomainReloadingComplete (492ms)
	LoadAllAssembliesAndSetupDomain (1096ms)
		LoadAssemblies (241ms)
		AnalyzeDomain (1034ms)
			TypeCache.Refresh (1033ms)
				TypeCache.ScanAssembly (841ms)
	FinalizeReload (354ms)
		SetupLoadedEditorAssemblies (0ms)
			BeforeProcessingInitializeOnLoad (61ms)
			ProcessInitializeOnLoadAttributes (109ms)
			ProcessInitializeOnLoadMethodAttributes (131ms)
[Licensing::Module] Licensing is not yet initialized.
[Licensing::IpcConnector] Connection to channel LicenseClient-myong refused
[Licensing::Module] Timed-out after 60.03s, waiting for channel: "LicenseClient-myong"
[Licensing::Module] Error: Licensing initialization failed after 74.83s
[Licensing::Module] Licensing is initialized (took 4.50s).
[Licensing::Module] Error: The connection with the Unity Licensing Client has been lost. Attempting to reconnect.
[Licensing::IpcConnector] Connection to channel LicenseClient-myong refused
[Licensing::Module] Successfully launched the LicensingClient (PId: 10180)
[Licensing::IpcConnector] Connection to channel LicenseClient-myong refused
[Licensing::Module] Timed-out after 60.01s, waiting for channel: "LicenseClient-myong"
[Licensing::Module] The re-connection attempt was UN-successful.
[Licensing::Module] Error: 'com.unity.editor.headless' was not found.
[Licensing::Module] Error: The connection with the Unity Licensing Client has been lost. Attempting to reconnect.
[Licensing::IpcConnector] Connection to channel LicenseClient-myong refused
[Licensing::Module] Successfully launched the LicensingClient (PId: 23124)
[Licensing::IpcConnector] Connection to channel LicenseClient-myong refused
[Licensing::Module] Timed-out after 60.01s, waiting for channel: "LicenseClient-myong"
[Licensing::Module] The re-connection attempt was UN-successful.
[Licensing::Module] Error: 'com.unity.editor.headless' was not found.
Application.AssetDatabase Initial Refresh Start
[Package Manager] Restoring resolved packages state from cache
[Licensing::Module] Error: The connection with the Unity Licensing Client has been lost. Attempting to reconnect.
[Licensing::IpcConnector] Connection to channel LicenseClient-myong refused
[Licensing::Module] Successfully launched the LicensingClient (PId: 10028)
[Licensing::IpcConnector] Connection to channel LicenseClient-myong refused
[Licensing::Module] Timed-out after 60.01s, waiting for channel: "LicenseClient-myong"
[Licensing::Module] The re-connection attempt was UN-successful.
[Package Manager] Unknown entitlement status [0] for package [com.unity.2d.animation]
[Package Manager] Unknown entitlement status [0] for package [com.unity.2d.aseprite]
[Package Manager] Unknown entitlement status [0] for package [com.unity.2d.psdimporter]
[Package Manager] Unknown entitlement status [0] for package [com.unity.2d.sprite]
[Package Manager] Unknown entitlement status [0] for package [com.unity.2d.spriteshape]
[Package Manager] Unknown entitlement status [0] for package [com.unity.2d.tilemap]
[Package Manager] Unknown entitlement status [0] for package [com.unity.2d.tilemap.extras]
[Package Manager] Unknown entitlement status [0] for package [com.unity.2d.tooling]
[Package Manager] Unknown entitlement status [0] for package [com.unity.collab-proxy]
[Package Manager] Unknown entitlement status [0] for package [com.unity.ide.rider]
[Package Manager] Unknown entitlement status [0] for package [com.unity.ide.visualstudio]
[Package Manager] Unknown entitlement status [0] for package [com.unity.inputsystem]
[Package Manager] Unknown entitlement status [0] for package [com.unity.multiplayer.center]
[Package Manager] Unknown entitlement status [0] for package [com.unity.render-pipelines.universal]
[Package Manager] Unknown entitlement status [0] for package [com.unity.test-framework]
[Package Manager] Unknown entitlement status [0] for package [com.unity.timeline]
[Package Manager] Unknown entitlement status [0] for package [com.unity.ugui]
[Package Manager] Unknown entitlement status [0] for package [com.unity.visualscripting]
[Package Manager] Unknown entitlement status [0] for package [com.unity.modules.accessibility]
[Package Manager] Unknown entitlement status [0] for package [com.unity.modules.adaptiveperformance]
[Package Manager] Unknown entitlement status [0] for package [com.unity.modules.ai]
[Package Manager] Unknown entitlement status [0] for package [com.unity.modules.androidjni]
[Package Manager] Unknown entitlement status [0] for package [com.unity.modules.animation]
[Package Manager] Unknown entitlement status [0] for package [com.unity.modules.assetbundle]
[Package Manager] Unknown entitlement status [0] for package [com.unity.modules.audio]
[Package Manager] Unknown entitlement status [0] for package [com.unity.modules.cloth]
[Package Manager] Unknown entitlement status [0] for package [com.unity.modules.director]
[Package Manager] Unknown entitlement status [0] for package [com.unity.modules.imageconversion]
[Package Manager] Unknown entitlement status [0] for package [com.unity.modules.imgui]
[Package Manager] Unknown entitlement status [0] for package [com.unity.modules.jsonserialize]
[Package Manager] Unknown entitlement status [0] for package [com.unity.modules.particlesystem]
[Package Manager] Unknown entitlement status [0] for package [com.unity.modules.physics]
[Package Manager] Unknown entitlement status [0] for package [com.unity.modules.physics2d]
[Package Manager] Unknown entitlement status [0] for package [com.unity.modules.physicscore2d]
[Package Manager] Unknown entitlement status [0] for package [com.unity.modules.screencapture]
[Package Manager] Unknown entitlement status [0] for package [com.unity.modules.terrain]
[Package Manager] Unknown entitlement status [0] for package [com.unity.modules.terrainphysics]
[Package Manager] Unknown entitlement status [0] for package [com.unity.modules.tilemap]
[Package Manager] Unknown entitlement status [0] for package [com.unity.modules.ui]
[Package Manager] Unknown entitlement status [0] for package [com.unity.modules.uielements]
[Package Manager] Unknown entitlement status [0] for package [com.unity.modules.umbra]
[Package Manager] Unknown entitlement status [0] for package [com.unity.modules.unityanalytics]
[Package Manager] Unknown entitlement status [0] for package [com.unity.modules.unitywebrequest]
[Package Manager] Unknown entitlement status [0] for package [com.unity.modules.unitywebrequestassetbundle]
[Package Manager] Unknown entitlement status [0] for package [com.unity.modules.unitywebrequestaudio]
[Package Manager] Unknown entitlement status [0] for package [com.unity.modules.unitywebrequesttexture]
[Package Manager] Unknown entitlement status [0] for package [com.unity.modules.unitywebrequestwww]
[Package Manager] Unknown entitlement status [0] for package [com.unity.modules.vectorgraphics]
[Package Manager] Unknown entitlement status [0] for package [com.unity.modules.vehicles]
[Package Manager] Unknown entitlement status [0] for package [com.unity.modules.video]
[Package Manager] Unknown entitlement status [0] for package [com.unity.modules.wind]
[Package Manager] Unknown entitlement status [0] for package [com.unity.modules.xr]
[Package Manager] Unknown entitlement status [0] for package [com.unity.modules.subsystems]
[Package Manager] Unknown entitlement status [0] for package [com.unity.modules.hierarchycore]
[Package Manager] Unknown entitlement status [0] for package [com.unity.ext.nunit]
[Package Manager] Unknown entitlement status [0] for package [com.unity.render-pipelines.core]
[Package Manager] Unknown entitlement status [0] for package [com.unity.shadergraph]
[Package Manager] Unknown entitlement status [0] for package [com.unity.render-pipelines.universal-config]
[Package Manager] Unknown entitlement status [0] for package [com.unity.collections]
[Package Manager] Unknown entitlement status [0] for package [com.unity.2d.common]
[Package Manager] Unknown entitlement status [0] for package [com.unity.mathematics]
[Package Manager] Unknown entitlement status [0] for package [com.unity.searcher]
[Package Manager] Unknown entitlement status [0] for package [com.unity.burst]
[Package Manager] Unknown entitlement status [0] for package [com.unity.nuget.mono-cecil]
[Package Manager] Unknown entitlement status [0] for package [com.unity.test-framework.performance]
[Package Manager] The following packages were not registered because your license doesn't allow it.
  com.unity.2d.animation@15.1.0
  com.unity.2d.aseprite@5.0.3
  com.unity.2d.psdimporter@14.0.3
  com.unity.2d.sprite@1.0.0
  com.unity.2d.spriteshape@15.0.3
  com.unity.2d.tilemap@1.0.0
  com.unity.2d.tilemap.extras@8.0.3
  com.unity.2d.tooling@3.0.1
  com.unity.collab-proxy@2.13.3
  com.unity.ide.rider@3.0.38
  com.unity.ide.visualstudio@2.0.26
  com.unity.inputsystem@1.19.0
  com.unity.multiplayer.center@1.0.1
  com.unity.render-pipelines.universal@17.5.0
  com.unity.test-framework@1.7.0
  com.unity.timeline@1.8.12
  com.unity.ugui@2.5.0
  com.unity.visualscripting@1.9.11
  com.unity.modules.accessibility@1.0.0
  com.unity.modules.adaptiveperformance@1.0.0
  com.unity.modules.ai@1.0.0
  com.unity.modules.androidjni@1.0.0
  com.unity.modules.animation@1.0.0
  com.unity.modules.assetbundle@1.0.0
  com.unity.modules.audio@1.0.0
  com.unity.modules.cloth@1.0.0
  com.unity.modules.director@1.0.0
  com.unity.modules.imageconversion@1.0.0
  com.unity.modules.imgui@1.0.0
  com.unity.modules.jsonserialize@1.0.0
  com.unity.modules.particlesystem@1.0.0
  com.unity.modules.physics@1.0.0
  com.unity.modules.physics2d@1.0.0
  com.unity.modules.physicscore2d@1.0.0
  com.unity.modules.screencapture@1.0.0
  com.unity.modules.terrain@1.0.0
  com.unity.modules.terrainphysics@1.0.0
  com.unity.modules.tilemap@1.0.0
  com.unity.modules.ui@1.0.0
  com.unity.modules.uielements@1.0.0
  com.unity.modules.umbra@1.0.0
  com.unity.modules.unityanalytics@1.0.0
  com.unity.modules.unitywebrequest@1.0.0
  com.unity.modules.unitywebrequestassetbundle@1.0.0
  com.unity.modules.unitywebrequestaudio@1.0.0
  com.unity.modules.unitywebrequesttexture@1.0.0
  com.unity.modules.unitywebrequestwww@1.0.0
  com.unity.modules.vectorgraphics@1.0.0
  com.unity.modules.vehicles@1.0.0
  com.unity.modules.video@1.0.0
  com.unity.modules.wind@1.0.0
  com.unity.modules.xr@1.0.0
  com.unity.modules.subsystems@1.0.0
  com.unity.modules.hierarchycore@1.0.0
  com.unity.ext.nunit@2.1.0
  com.unity.render-pipelines.core@17.5.0
  com.unity.shadergraph@17.5.0
  com.unity.render-pipelines.universal-config@17.5.0
  com.unity.collections@6.5.0
  com.unity.2d.common@14.0.1
  com.unity.mathematics@1.4.0
  com.unity.searcher@4.9.4
  com.unity.burst@1.8.29
  com.unity.nuget.mono-cecil@1.11.6
  com.unity.test-framework.performance@3.5.0
[Package Manager] Registered 0 packages:
[Subsystems] No new subsystems found in resolved package list.
[Package Manager] Done registering packages in 74.81 seconds
[ScriptCompilation] Requested script compilation because: Assembly Definition File(s) changed
[ScriptCompilation] Requested script compilation because: AssetDatabase observed changes in script compilation related files
[Licensing::Module] Error: The connection with the Unity Licensing Client has been lost. Attempting to reconnect.
[Licensing::IpcConnector] Connection to channel LicenseClient-myong refused
[Licensing::Module] Successfully launched the LicensingClient (PId: 35548)
[Licensing::IpcConnector] Connection to channel LicenseClient-myong refused
[Licensing::Module] Timed-out after 60.01s, waiting for channel: "LicenseClient-myong"
[Licensing::Module] The re-connection attempt was UN-successful.
[Licensing::Module] Error: 'com.unity.editor.headless' was not found.
[Licensing::Module] Error: The connection with the Unity Licensing Client has been lost. Attempting to reconnect.
[Licensing::IpcConnector] Connection to channel LicenseClient-myong refused
[Licensing::Module] Successfully launched the LicensingClient (PId: 10132)
[Licensing::IpcConnector] Connection to channel LicenseClient-myong refused
[Licensing::Module] Timed-out after 60.01s, waiting for channel: "LicenseClient-myong"
[Licensing::Module] The re-connection attempt was UN-successful.
[Licensing::Module] Error: 'com.unity.editor.headless' was not found.
[Licensing::Module] Error: The connection with the Unity Licensing Client has been lost. Attempting to reconnect.
[Licensing::IpcConnector] Connection to channel LicenseClient-myong refused
[Licensing::Module] Successfully launched the LicensingClient (PId: 14784)
[Licensing::IpcConnector] Connection to channel LicenseClient-myong refused
[Licensing::Module] Timed-out after 60.01s, waiting for channel: "LicenseClient-myong"
[Licensing::Module] The re-connection attempt was UN-successful.
[Licensing::Module] Error: 'com.unity.editor.headless' was not found.
[Licensing::Module] Error: The connection with the Unity Licensing Client has been lost. Attempting to reconnect.
[Licensing::IpcConnector] Connection to channel LicenseClient-myong refused
[Licensing::Module] Successfully launched the LicensingClient (PId: 15448)
[Licensing::IpcConnector] Connection to channel LicenseClient-myong refused
[Licensing::Module] Timed-out after 60.01s, waiting for channel: "LicenseClient-myong"
[Licensing::Module] The re-connection attempt was UN-successful.
[Licensing::Module] Error: 'com.unity.editor.headless' was not found.
Starting: C:\Program Files\Unity\Hub\Editor\6000.5.5f1\Editor\Data\Tools\BuildPipeline\bee_backend.exe --ipc --defer-dag-verification --dagfile="Library/Bee/1900b0aE.dag" --continue-on-failure --profile="Library/Bee/backend1.traceevents" ScriptAssemblies
WorkingDir: C:/Users/myong/NaManMoo
[Licensing::Module] Error: The connection with the Unity Licensing Client has been lost. Attempting to reconnect.
[Licensing::IpcConnector] Connection to channel LicenseClient-myong refused
[Licensing::Module] Successfully launched the LicensingClient (PId: 16284)
[Licensing::IpcConnector] Connection to channel LicenseClient-myong refused
[Licensing::Module] Timed-out after 60.01s, waiting for channel: "LicenseClient-myong"
[Licensing::Module] The re-connection attempt was UN-successful.
[Licensing::Module] Error: 'com.unity.editor.headless' was not found.
[Licensing::Module] Error: The connection with the Unity Licensing Client has been lost. Attempting to reconnect.
[Licensing::IpcConnector] Connection to channel LicenseClient-myong refused
[Licensing::Module] Successfully launched the LicensingClient (PId: 5396)
[Licensing::IpcConnector] Connection to channel LicenseClient-myong refused
[Licensing::Module] Timed-out after 60.01s, waiting for channel: "LicenseClient-myong"
[Licensing::Module] The re-connection attempt was UN-successful.
[Licensing::Module] Error: 'com.unity.editor.headless' was not found.
DisplayProgressbar: Compiling Scripts
Starting: C:\Program Files\Unity\Hub\Editor\6000.5.5f1\Editor\Data\netcorerun\netcorerun.exe "C:\Program Files\Unity\Hub\Editor\6000.5.5f1\Editor\Data\Tools\BuildPipeline\ScriptCompilationBuildProgram.exe" "Library/Bee/1900b0aE.dag.json" "Library/Bee/1900b0aE-inputdata.json" "Library\Bee\buildprogram0.traceevents"
WorkingDir: C:/Users/myong/NaManMoo
ExitCode: 4 Duration: 2m:29s
[ 622/1120  0s] CopyFiles Library/ScriptAssemblies/UnityEngine.TestRunner.dll
[ 623/1120  0s] CopyFiles Library/ScriptAssemblies/UnityEngine.TestRunner.pdb
[ 665/1120  0s] CopyFiles Library/ScriptAssemblies/UnityEditor.TestRunner.pdb
[ 671/1120  0s] CopyFiles Library/ScriptAssemblies/UnityEditor.TestRunner.dll
[ 799/1120  0s] CopyFiles Library/ScriptAssemblies/Unity.Burst.CodeGen.dll
[ 811/1120  0s] CopyFiles Library/ScriptAssemblies/Unity.Burst.CodeGen.pdb
[ 813/1120  0s] CopyFiles Library/ScriptAssemblies/Unity.Rider.Editor.pdb
[ 832/1120  0s] CopyFiles Library/ScriptAssemblies/Unity.Rider.Editor.dll
[ 834/1120  0s] CopyFiles Library/ScriptAssemblies/Unity.Collections.CodeGen.dll
[ 851/1120  0s] CopyFiles Library/ScriptAssemblies/Unity.VisualStudio.Editor.dll
[ 852/1120  0s] CopyFiles Library/ScriptAssemblies/Unity.Collections.CodeGen.pdb
[ 855/1120  0s] CopyFiles Library/ScriptAssemblies/Unity.VisualStudio.Editor.pdb
[ 864/1120  0s] ILPP-Configuration Library/ilpp-configuration.nevergeneratedoutput
[ 950/1120  0s] CopyFiles Library/ScriptAssemblies/Unity.RenderPipelines.Core.Runtime.dll
[ 951/1120  0s] CopyFiles Library/ScriptAssemblies/Unity.RenderPipelines.Universal.Shaders.dll
[ 952/1120  0s] CopyFiles Library/ScriptAssemblies/Unity.InputSystem.TestFramework.dll
[ 953/1120  0s] CopyFiles Library/ScriptAssemblies/UnityEngine.UI.dll
[ 954/1120  0s] CopyFiles Library/ScriptAssemblies/Unity.RenderPipelines.Universal.Config.Runtime.dll
[ 955/1120  0s] CopyFiles Library/ScriptAssemblies/Unity.InternalAPIEngineBridge.RenderPipelines.Core.Runtime.Shared.dll
[ 956/1120  0s] CopyFiles Library/ScriptAssemblies/Unity.RenderPipelines.ShaderGraph.ShaderGraphLibrary.dll
[ 957/1120  0s] CopyFiles Library/ScriptAssemblies/Unity.Burst.dll
[ 958/1120  0s] CopyFiles Library/ScriptAssemblies/Unity.2D.IK.Runtime.dll
[ 959/1120  0s] CopyFiles Library/ScriptAssemblies/Unity.VisualScripting.State.dll
[ 960/1120  0s] CopyFiles Library/ScriptAssemblies/Unity.RenderPipelines.Universal.Runtime.dll
[ 961/1120  0s] CopyFiles Library/ScriptAssemblies/Unity.2D.Tilemap.Extras.dll
[ 962/1120  0s] CopyFiles Library/ScriptAssemblies/Unity.SurfaceCache.Runtime.dll
[ 963/1120  0s] CopyFiles Library/ScriptAssemblies/Unity.2D.SpriteShape.Runtime.dll
[ 964/1120  0s] CopyFiles Library/ScriptAssemblies/Unity.VisualScripting.Core.dll
[ 965/1120  0s] CopyFiles Library/ScriptAssemblies/Unity.TextMeshPro.dll
[ 966/1120  0s] CopyFiles Library/ScriptAssemblies/Unity.RenderPipelines.Core.ShaderLibrary.dll
[ 967/1120  0s] CopyFiles Library/ScriptAssemblies/Unity.InputSystem.ForUI.dll
[ 968/1120  0s] CopyFiles Library/ScriptAssemblies/Unity.Timeline.dll
[ 969/1120  0s] CopyFiles Library/ScriptAssemblies/Unity.Multiplayer.Center.Common.dll
[ 970/1120  0s] CopyFiles Library/ScriptAssemblies/Unity.VisualScripting.DocCodeExamples.dll
[ 971/1120  0s] CopyFiles Library/ScriptAssemblies/Unity.InternalAPIEngineBridge.004.dll
[ 972/1120  0s] CopyFiles Library/ScriptAssemblies/Unity.Collections.dll
[ 973/1120  0s] CopyFiles Library/ScriptAssemblies/Unity.UnifiedRayTracing.Runtime.dll
[ 974/1120  0s] CopyFiles Library/ScriptAssemblies/Unity.PathTracing.Runtime.dll
[ 975/1120  0s] CopyFiles Library/ScriptAssemblies/Unity.RenderPipelines.Core.Runtime.Shared.dll
[ 976/1120  0s] CopyFiles Library/ScriptAssemblies/Unity.RenderPipelines.GPUDriven.Runtime.dll
[ 977/1120  0s] CopyFiles Library/ScriptAssemblies/NaManMoo.Runtime.dll
[ 978/1120  0s] CopyFiles Library/ScriptAssemblies/Unity.RenderPipeline.Universal.ShaderLibrary.dll
[ 979/1120  0s] CopyFiles Library/ScriptAssemblies/Unity.RenderPipelines.Universal.2D.Runtime.dll
[ 980/1120  0s] CopyFiles Library/ScriptAssemblies/Unity.InternalAPIEngineBridge.001.dll
[ 981/1120  0s] CopyFiles Library/ScriptAssemblies/Unity.InputSystem.dll
[ 982/1120  0s] CopyFiles Library/ScriptAssemblies/Unity.Mathematics.dll
[ 983/1120  0s] CopyFiles Library/ScriptAssemblies/Unity.2D.Animation.Runtime.dll
[ 984/1120  0s] CopyFiles Library/ScriptAssemblies/Unity.VisualScripting.Flow.dll
[ 985/1120  0s] CopyFiles Library/ScriptAssemblies/NaManMoo.PlayModeTests.dll
[ 986/1120  0s] CopyFiles Library/ScriptAssemblies/Unity.TextMeshPro.Editor.pdb
[ 987/1120  0s] CopyFiles Library/ScriptAssemblies/PsdPlugin.pdb
[ 988/1120  0s] CopyFiles Library/ScriptAssemblies/Unity.2D.Common.Path.Editor.pdb
[ 989/1120  0s] CopyFiles Library/ScriptAssemblies/PsdPlugin.dll
[ 990/1120  0s] CopyFiles Library/ScriptAssemblies/Unity.2D.Tilemap.Extras.Editor.pdb
[ 991/1120  0s] CopyFiles Library/ScriptAssemblies/Unity.2D.Tilemap.Extras.Editor.dll
[ 992/1120  0s] CopyFiles Library/ScriptAssemblies/Unity.2D.Tilemap.Editor.dll
[ 993/1120  0s] CopyFiles Library/ScriptAssemblies/Unity.2D.Tilemap.Editor.pdb
[ 994/1120  0s] CopyFiles Library/ScriptAssemblies/Unity.2D.Common.Runtime.dll
[ 995/1120  0s] CopyFiles Library/ScriptAssemblies/Unity.PerformanceTesting.dll
[ 996/1120  0s] CopyFiles Library/ScriptAssemblies/Unity.InputSystem.DocCodeSamples.dll
[ 997/1120  0s] CopyFiles Library/ScriptAssemblies/Unity.InputSystem.DocCodeSamples.pdb
[ 998/1120  0s] CopyFiles Library/ScriptAssemblies/Unity.TextMeshPro.Editor.dll
[ 999/1120  0s] CopyFiles Library/ScriptAssemblies/Unity.RenderPipelines.Core.Editor.Shared.pdb
[1000/1120  0s] CopyFiles Library/ScriptAssemblies/Unity.2D.Common.Path.Editor.dll
[1001/1120  0s] CopyFiles Library/ScriptAssemblies/Unity.Searcher.Editor.pdb
[1002/1120  0s] CopyFiles Library/ScriptAssemblies/Unity.VisualScripting.SettingsProvider.Editor.dll
[1003/1120  0s] CopyFiles Library/ScriptAssemblies/Unity.RenderPipelines.Core.Editor.Shared.dll
[1004/1120  0s] CopyFiles Library/ScriptAssemblies/Unity.ShaderGraph.Utilities.dll
[1005/1120  0s] CopyFiles Library/ScriptAssemblies/Unity.2D.IK.Editor.dll
[1006/1120  0s] CopyFiles Library/ScriptAssemblies/Unity.ShaderGraph.Utilities.pdb
[1007/1120  0s] CopyFiles Library/ScriptAssemblies/Unity.2D.IK.Editor.pdb
[1008/1120  0s] CopyFiles Library/ScriptAssemblies/Unity.VisualScripting.SettingsProvider.Editor.pdb
[1009/1120  0s] CopyFiles Library/ScriptAssemblies/Unity.Searcher.Editor.dll
[1010/1120  0s] CopyFiles Library/ScriptAssemblies/NaManMoo.EditorTests.pdb
[1011/1120  0s] CopyFiles Library/ScriptAssemblies/Unity.2D.Common.Editor.pdb
[1012/1120  0s] CopyFiles Library/ScriptAssemblies/Unity.InternalAPIEngineBridge.RenderPipelines.Core.Editor.pdb
[1013/1120  0s] CopyFiles Library/ScriptAssemblies/Unity.2D.Aseprite.Common.pdb
[1014/1120  0s] CopyFiles Library/ScriptAssemblies/Unity.InternalAPIEngineBridge.RenderPipelines.Core.Editor.dll
[1015/1120  0s] CopyFiles Library/ScriptAssemblies/UnityEditor.UI.Analytics.dll
[1016/1120  0s] CopyFiles Library/ScriptAssemblies/NaManMoo.EditorTests.dll
[1017/1120  0s] CopyFiles Library/ScriptAssemblies/Unity.2D.Common.Editor.dll
[1018/1120  0s] CopyFiles Library/ScriptAssemblies/Unity.PlasticSCM.Editor.dll
[1019/1120  0s] CopyFiles Library/ScriptAssemblies/UnityEditor.UI.Analytics.pdb
[1020/1120  0s] CopyFiles Library/ScriptAssemblies/Unity.VisualScripting.Core.Editor.pdb
[1021/1120  0s] CopyFiles Library/ScriptAssemblies/Unity.VisualScripting.Core.Editor.dll
[1022/1120  0s] CopyFiles Library/ScriptAssemblies/Unity.InternalAPIEditorBridge.001.pdb
[1023/1120  0s] CopyFiles Library/ScriptAssemblies/Unity.2D.Aseprite.Common.dll
[1024/1120  0s] CopyFiles Library/ScriptAssemblies/Unity.PlasticSCM.Editor.Assistant.dll
[1025/1120  0s] CopyFiles Library/ScriptAssemblies/Unity.PlasticSCM.Editor.pdb
[1026/1120  0s] CopyFiles Library/ScriptAssemblies/Unity.InternalAPIEditorBridge.001.dll
[1027/1120  0s] CopyFiles Library/ScriptAssemblies/Unity.Rendering.LightTransport.Editor.dll
[1028/1120  0s] CopyFiles Library/ScriptAssemblies/Unity.PlasticSCM.Editor.Entities.pdb
[1029/1120  0s] CopyFiles Library/ScriptAssemblies/Unity.2D.Tooling.Editor.pdb
[1030/1120  0s] CopyFiles Library/ScriptAssemblies/Unity.ShaderGraph.Editor.pdb
[1031/1120  0s] CopyFiles Library/ScriptAssemblies/Unity.VisualScripting.Flow.Editor.pdb
[1032/1120  0s] CopyFiles Library/ScriptAssemblies/Unity.ShaderGraph.Editor.dll
[1033/1120  0s] CopyFiles Library/ScriptAssemblies/Unity.CollabProxy.Editor.dll
[1034/1120  0s] CopyFiles Library/ScriptAssemblies/Unity.2D.Tooling.Editor.dll
[1035/1120  0s] CopyFiles Library/ScriptAssemblies/Unity.CollabProxy.Editor.pdb
[1036/1120  0s] CopyFiles Library/ScriptAssemblies/Unity.PlasticSCM.Editor.Assistant.pdb
[1037/1120  0s] CopyFiles Library/ScriptAssemblies/Unity.InternalAPIEditorBridge.ShaderGraph.Editor.dll
[1038/1120  0s] CopyFiles Library/ScriptAssemblies/Unity.Rendering.LightTransport.Editor.pdb
[1039/1120  0s] CopyFiles Library/ScriptAssemblies/Unity.PlasticSCM.Editor.Entities.dll
[1040/1120  0s] CopyFiles Library/ScriptAssemblies/Unity.InternalAPIEditorBridge.ShaderGraph.Editor.pdb
[1041/1120  0s] CopyFiles Library/ScriptAssemblies/Unity.VisualScripting.Flow.Editor.dll
[1042/1120  0s] CopyFiles Library/ScriptAssemblies/ScriptablePacker.pdb
[1043/1120  0s] CopyFiles Library/ScriptAssemblies/ScriptablePacker.dll
[1044/1120  0s] CopyFiles Library/ScriptAssemblies/Unity.RenderPipelines.Universal.2D.Editor.Overrides.pdb
[1045/1120  0s] CopyFiles Library/ScriptAssemblies/Unity.Collections.Editor.dll
[1046/1120  0s] CopyFiles Library/ScriptAssemblies/UnityEditor.UI.pdb
[1047/1120  0s] CopyFiles Library/ScriptAssemblies/Unity.2D.Animation.Editor.pdb
[1048/1120  0s] CopyFiles Library/ScriptAssemblies/Unity.RenderPipelines.Universal.Editor.dll
[1049/1120  0s] CopyFiles Library/ScriptAssemblies/Unity.PathTracing.Editor.dll
[1050/1120  0s] CopyFiles Library/ScriptAssemblies/Unity.2D.Animation.Editor.dll
[1051/1120  0s] CopyFiles Library/ScriptAssemblies/UnityEditor.UI.dll
[1052/1120  0s] CopyFiles Library/ScriptAssemblies/Unity.RenderPipelines.Universal.2D.Editor.Overrides.dll
[1053/1120  0s] CopyFiles Library/ScriptAssemblies/Unity.Collections.Editor.pdb
[1054/1120  0s] CopyFiles Library/ScriptAssemblies/NaManMoo.Editor.pdb
[1055/1120  0s] CopyFiles Library/ScriptAssemblies/Unity.RenderPipelines.Universal.Editor.pdb
[1056/1120  0s] CopyFiles Library/ScriptAssemblies/Unity.VisualScripting.State.Editor.pdb
[1057/1120  0s] CopyFiles Library/ScriptAssemblies/Unity.PathTracing.Editor.pdb
[1058/1120  0s] CopyFiles Library/ScriptAssemblies/Unity.Burst.Editor.pdb
[1059/1120  0s] CopyFiles Library/ScriptAssemblies/Unity.VisualScripting.Shared.Editor.dll
[1060/1120  0s] CopyFiles Library/ScriptAssemblies/Unity.2D.Psdimporter.Editor.pdb
[1061/1120  0s] CopyFiles Library/ScriptAssemblies/Unity.PerformanceTesting.Editor.dll
[1062/1120  0s] CopyFiles Library/ScriptAssemblies/NaManMoo.Editor.dll
[1063/1120  0s] CopyFiles Library/ScriptAssemblies/UnityEngine.UI.pdb
[1064/1120  0s] CopyFiles Library/ScriptAssemblies/Unity.VisualScripting.State.Editor.dll
[1065/1120  0s] CopyFiles Library/ScriptAssemblies/Unity.Burst.Editor.dll
[1066/1120  0s] CopyFiles Library/ScriptAssemblies/Unity.2D.Psdimporter.Editor.dll
[1067/1120  0s] CopyFiles Library/ScriptAssemblies/Unity.2D.Aseprite.Editor.pdb
[1068/1120  0s] CopyFiles Library/ScriptAssemblies/Unity.2D.Triangulation.Runtime.pdb
[1069/1120  0s] CopyFiles Library/ScriptAssemblies/Unity.Multiplayer.Center.Editor.pdb
[1070/1120  0s] CopyFiles Library/ScriptAssemblies/Unity.2D.SpriteShape.Editor.pdb
[1071/1120  0s] CopyFiles Library/ScriptAssemblies/Unity.Multiplayer.Center.Editor.dll
[1072/1120  0s] CopyFiles Library/ScriptAssemblies/Unity.2D.SpriteShape.Editor.dll
[1073/1120  0s] CopyFiles Library/ScriptAssemblies/Unity.2D.Aseprite.Editor.dll
[1074/1120  0s] CopyFiles Library/ScriptAssemblies/Unity.PerformanceTesting.Editor.pdb
[1075/1120  0s] CopyFiles Library/ScriptAssemblies/Unity.VisualScripting.Shared.Editor.pdb
[1076/1120  0s] CopyFiles Library/ScriptAssemblies/NaManMoo.PlayModeTests.pdb
[1077/1120  0s] CopyFiles Library/ScriptAssemblies/Unity.RenderPipelines.Universal.Config.Runtime.pdb
[1078/1120  0s] CopyFiles Library/ScriptAssemblies/Unity.2D.Animation.Runtime.pdb
[1079/1120  0s] CopyFiles Library/ScriptAssemblies/Unity.Timeline.Editor.pdb
[1080/1120  0s] CopyFiles Library/ScriptAssemblies/Unity.Timeline.Editor.dll
[1081/1120  0s] CopyFiles Library/ScriptAssemblies/Unity.2D.Triangulation.Runtime.dll
[1082/1120  0s] CopyFiles Library/ScriptAssemblies/Unity.RenderPipelines.Core.Editor.pdb
[1083/1120  0s] CopyFiles Library/ScriptAssemblies/Unity.RenderPipelines.Core.Editor.dll
[1084/1120  0s] CopyFiles Library/ScriptAssemblies/Unity.RenderPipelines.Core.ShaderLibrary.pdb
[1085/1120  0s] CopyFiles Library/ScriptAssemblies/Unity.2D.Common.Runtime.pdb
[1086/1120  0s] CopyFiles Library/ScriptAssemblies/Unity.2D.Sprite.Editor.pdb
[1087/1120  0s] CopyFiles Library/ScriptAssemblies/NaManMoo.Runtime.pdb
[1088/1120  0s] CopyFiles Library/ScriptAssemblies/Unity.RenderPipelines.Core.Runtime.Shared.pdb
[1089/1120  0s] CopyFiles Library/ScriptAssemblies/Unity.InputSystem.pdb
[1090/1120  0s] CopyFiles Library/ScriptAssemblies/Unity.RenderPipelines.Core.Runtime.pdb
[1091/1120  0s] CopyFiles Library/ScriptAssemblies/Unity.PathTracing.Runtime.pdb
[1092/1120  0s] CopyFiles Library/ScriptAssemblies/Unity.Mathematics.pdb
[1093/1120  0s] CopyFiles Library/ScriptAssemblies/Unity.2D.SpriteShape.Runtime.pdb
[1094/1120  0s] CopyFiles Library/ScriptAssemblies/Unity.SurfaceCache.Runtime.pdb
[1095/1120  0s] CopyFiles Library/ScriptAssemblies/Unity.RenderPipelines.GPUDriven.Runtime.pdb
[1096/1120  0s] CopyFiles Library/ScriptAssemblies/Unity.Collections.pdb
[1097/1120  0s] CopyFiles Library/ScriptAssemblies/Unity.UnifiedRayTracing.Runtime.pdb
[1098/1120  0s] CopyFiles Library/ScriptAssemblies/Unity.InternalAPIEngineBridge.RenderPipelines.Core.Runtime.Shared.pdb
[1099/1120  0s] CopyFiles Library/ScriptAssemblies/Unity.2D.Sprite.Editor.dll
[1100/1120  0s] CopyFiles Library/ScriptAssemblies/Unity.RenderPipelines.ShaderGraph.ShaderGraphLibrary.pdb
[1101/1120  0s] CopyFiles Library/ScriptAssemblies/Unity.InputSystem.TestFramework.pdb
[1102/1120  0s] CopyFiles Library/ScriptAssemblies/Unity.VisualScripting.Flow.pdb
[1103/1120  0s] CopyFiles Library/ScriptAssemblies/Unity.VisualScripting.DocCodeExamples.pdb
[1104/1120  0s] CopyFiles Library/ScriptAssemblies/Unity.RenderPipelines.Universal.Runtime.pdb
[1105/1120  0s] CopyFiles Library/ScriptAssemblies/Unity.Multiplayer.Center.Common.pdb
[1106/1120  0s] CopyFiles Library/ScriptAssemblies/Unity.Burst.pdb
[1107/1120  0s] CopyFiles Library/ScriptAssemblies/Unity.RenderPipelines.Universal.Shaders.pdb
[1108/1120  0s] CopyFiles Library/ScriptAssemblies/Unity.Timeline.pdb
[1109/1120  0s] CopyFiles Library/ScriptAssemblies/Unity.InternalAPIEngineBridge.001.pdb
[1110/1120  0s] CopyFiles Library/ScriptAssemblies/Unity.InputSystem.ForUI.pdb
[1111/1120  0s] CopyFiles Library/ScriptAssemblies/Unity.PerformanceTesting.pdb
[1112/1120  0s] CopyFiles Library/ScriptAssemblies/Unity.InternalAPIEngineBridge.004.pdb
[1113/1120  0s] CopyFiles Library/ScriptAssemblies/Unity.RenderPipeline.Universal.ShaderLibrary.pdb
[1114/1120  0s] CopyFiles Library/ScriptAssemblies/Unity.RenderPipelines.Universal.2D.Runtime.pdb
[1115/1120  0s] CopyFiles Library/ScriptAssemblies/Unity.VisualScripting.State.pdb
[1116/1120  0s] CopyFiles Library/ScriptAssemblies/Unity.2D.IK.Runtime.pdb
[1117/1120  0s] CopyFiles Library/ScriptAssemblies/Unity.VisualScripting.Core.pdb
[1118/1120  0s] CopyFiles Library/ScriptAssemblies/Unity.TextMeshPro.pdb
[1119/1120  0s] CopyFiles Library/ScriptAssemblies/Unity.2D.Tilemap.Extras.pdb
Rebuilding DAG because FileSignature timestamp changed: Library/Bee/1900b0aE-inputdata.json
*** Tundra requires additional run (149.66 seconds - 0:02:29), 183 items updated, 1120 evaluated
ExitCode: 0 Duration: 1s173ms
Starting: C:\Program Files\Unity\Hub\Editor\6000.5.5f1\Editor\Data\Tools\BuildPipeline\bee_backend.exe --ipc --defer-dag-verification --dagfile="Library/Bee/1900b0aE.dag" --continue-on-failure --dagfilejson="Library\Bee\1900b0aE.dag.json" --profile="Library/Bee/backend2.traceevents" ScriptAssemblies
WorkingDir: C:/Users/myong/NaManMoo
ExitCode: 3 Duration: 2s343ms
Finished compiling graph: 187 nodes, 928 flattened edges (904 ToBuild, 8 ToUse), maximum node priority 26
[           0s] Delete 1196 artifact files that are no longer in use. (like Library\Bee\artifacts\rsp)
[160/184    0s] WriteText Library/Bee/artifacts/1900b0aE.dag/NaManMoo.Runtime.dll.mvfrm.rsp
[161/184    0s] WriteText Library/Bee/artifacts/1900b0aE.dag/NaManMoo.EditorTests.rsp
[162/184    0s] WriteText Library/Bee/artifacts/1900b0aE.dag/NaManMoo.Editor.rsp
[163/184    0s] WriteText Library/Bee/artifacts/1900b0aE.dag/NaManMoo.EditorTests.dll.mvfrm.rsp
[164/184    0s] WriteText Library/Bee/artifacts/1900b0aE.dag/NaManMoo.PlayModeTests.rsp
[165/184    0s] WriteText Library/Bee/artifacts/1900b0aE.dag/NaManMoo.Runtime.rsp
[166/184    0s] WriteText Library/Bee/artifacts/1900b0aE.dag/NaManMoo.PlayModeTests.dll.mvfrm.rsp
[167/184    0s] WriteText Library/Bee/artifacts/1900b0aE.dag/NaManMoo.Editor.dll.mvfrm.rsp
[168/184    0s] MovedFromExtractor-Combine Library/Bee/artifacts/1900b0aE.dag/NaManMoo.Runtime.dll.mvfrm
[169/184    0s] MovedFromExtractor-Combine Library/Bee/artifacts/1900b0aE.dag/NaManMoo.PlayModeTests.dll.mvfrm
[170/184    0s] MovedFromExtractor-Combine Library/Bee/artifacts/1900b0aE.dag/NaManMoo.Editor.dll.mvfrm
[171/184    0s] MovedFromExtractor-Combine Library/Bee/artifacts/1900b0aE.dag/NaManMoo.EditorTests.dll.mvfrm
[172/184    1s] Csc Library/Bee/artifacts/1900b0aE.dag/NaManMoo.Runtime.dll (+2 others)
##### CommandLine
"C:\Program Files\Unity\Hub\Editor\6000.5.5f1\Editor\Data\DotNetSdk\dotnet.exe" exec "C:/Program Files/Unity/Hub/Editor/6000.5.5f1/Editor/Data/DotNetSdk/sdk/8.0.318/Roslyn/bincore/csc.dll" /nostdlib /noconfig /shared "@Library/Bee/artifacts/1900b0aE.dag/NaManMoo.Runtime.rsp" "@Library/Bee/artifacts/1900b0aE.dag/NaManMoo.Runtime.rsp2"
##### Contents of Library\Bee\artifacts\1900b0aE.dag\NaManMoo.Runtime.rsp
-target:library
-out:"Library/Bee/artifacts/1900b0aE.dag/NaManMoo.Runtime.dll"
-refout:"Library/Bee/artifacts/1900b0aE.dag/NaManMoo.Runtime.ref.dll"
-define:UNITY_6000_5_5
-define:UNITY_6000_5
-define:UNITY_6000
-define:UNITY_5_3_OR_NEWER
-define:UNITY_5_4_OR_NEWER
-define:UNITY_5_5_OR_NEWER
-define:UNITY_5_6_OR_NEWER
-define:UNITY_2017_1_OR_NEWER
-define:UNITY_2017_2_OR_NEWER
-define:UNITY_2017_3_OR_NEWER
-define:UNITY_2017_4_OR_NEWER
-define:UNITY_2018_1_OR_NEWER
-define:UNITY_2018_2_OR_NEWER
-define:UNITY_2018_3_OR_NEWER
-define:UNITY_2018_4_OR_NEWER
-define:UNITY_2019_1_OR_NEWER
-define:UNITY_2019_2_OR_NEWER
-define:UNITY_2019_3_OR_NEWER
-define:UNITY_2019_4_OR_NEWER
-define:UNITY_2020_1_OR_NEWER
-define:UNITY_2020_2_OR_NEWER
-define:UNITY_2020_3_OR_NEWER
-define:UNITY_2021_1_OR_NEWER
-define:UNITY_2021_2_OR_NEWER
-define:UNITY_2021_3_OR_NEWER
-define:UNITY_2022_1_OR_NEWER
-define:UNITY_2022_2_OR_NEWER
-define:UNITY_2022_3_OR_NEWER
-define:UNITY_2023_1_OR_NEWER
-define:UNITY_2023_2_OR_NEWER
-define:UNITY_2023_3_OR_NEWER
-define:UNITY_6000_0_OR_NEWER
-define:UNITY_6000_1_OR_NEWER
-define:UNITY_6000_2_OR_NEWER
-define:UNITY_6000_3_OR_NEWER
-define:UNITY_6000_4_OR_NEWER
-define:UNITY_6000_5_OR_NEWER
-define:PLATFORM_ARCH_64
-define:UNITY_64
-define:UNITY_INCLUDE_TESTS
-define:UNITY_ENABLE_CLOUD_SERVICES_ENGINE_DIAGNOSTICS_MANAGED
-define:ENABLE_AR
-define:ENABLE_AUDIO
-define:ENABLE_AUDIO_SCRIPTABLE_PIPELINE
-define:ENABLE_CACHING
-define:ENABLE_CLOTH
-define:ENABLE_EVENT_QUEUE
-define:ENABLE_MICROPHONE
-define:ENABLE_MULTIPLE_DISPLAYS
-define:ENABLE_PHYSICS
-define:ENABLE_TEXTURE_STREAMING
-define:ENABLE_VIRTUALTEXTURING
-define:ENABLE_LZMA
-define:ENABLE_UNITYEVENTS
-define:ENABLE_VR
-define:ENABLE_WEBCAM
-define:ENABLE_UNITYWEBREQUEST
-define:ENABLE_WWW
-define:ENABLE_CLOUD_SERVICES
-define:ENABLE_CLOUD_SERVICES_ADS
-define:ENABLE_CLOUD_SERVICES_USE_WEBREQUEST
-define:ENABLE_UNITY_CONSENT
-define:ENABLE_UNITY_CLOUD_IDENTIFIERS
-define:ENABLE_CLOUD_SERVICES_CRASH_REPORTING
-define:ENABLE_CLOUD_SERVICES_NATIVE_CRASH_REPORTING
-define:ENABLE_CLOUD_SERVICES_PURCHASING
-define:ENABLE_CLOUD_SERVICES_ANALYTICS
-define:ENABLE_CLOUD_SERVICES_BUILD
-define:ENABLE_EDITOR_GAME_SERVICES
-define:ENABLE_UNITY_GAME_SERVICES_ANALYTICS_SUPPORT
-define:ENABLE_CLOUD_LICENSE
-define:ENABLE_EDITOR_HUB_LICENSE
-define:ENABLE_WEBSOCKET_CLIENT
-define:ENABLE_GENERATE_NATIVE_PLUGINS_FOR_ASSEMBLIES_API
-define:ENABLE_DIRECTOR_AUDIO
-define:ENABLE_DIRECTOR_TEXTURE
-define:ENABLE_MANAGED_JOBS
-define:ENABLE_MANAGED_TRANSFORM_JOBS
-define:ENABLE_MANAGED_ANIMATION_JOBS
-define:ENABLE_MANAGED_AUDIO_JOBS
-define:ENABLE_MANAGED_UNITYTLS
-define:INCLUDE_DYNAMIC_GI
-define:ENABLE_SCRIPTING_GC_WBARRIERS
-define:PLATFORM_SUPPORTS_MONO
-define:RENDER_SOFTWARE_CURSOR
-define:ENABLE_MARSHALLING_TESTS
-define:ENABLE_VIDEO
-define:ENABLE_NAVIGATION_OFFMESHLINK_TO_NAVMESHLINK
-define:ENABLE_ACCELERATOR_CLIENT_DEBUGGING
-define:ENABLE_ACCESSIBILITY_SCREEN_READER
-define:TEXTCORE_1_0_OR_NEWER
-define:EDITOR_ONLY_NAVMESH_BUILDER_DEPRECATED
-define:PLATFORM_STANDALONE_WIN
-define:PLATFORM_STANDALONE
-define:UNITY_STANDALONE_WIN
-define:UNITY_STANDALONE
-define:ENABLE_RUNTIME_GI
-define:ENABLE_MOVIES
-define:ENABLE_NETWORK
-define:ENABLE_NVIDIA
-define:ENABLE_AMD
-define:ENABLE_CRUNCH_TEXTURE_COMPRESSION
-define:ENABLE_CLOUD_SERVICES_ENGINE_DIAGNOSTICS
-define:ENABLE_OUT_OF_PROCESS_CRASH_HANDLER
-define:ENABLE_CLUSTER_SYNC
-define:ENABLE_CLUSTERINPUT
-define:PLATFORM_UPDATES_TIME_OUTSIDE_OF_PLAYER_LOOP
-define:GFXDEVICE_WAITFOREVENT_MESSAGEPUMP
-define:PLATFORM_USES_EXPLICIT_MEMORY_MANAGER_INITIALIZER
-define:PLATFORM_SUPPORTS_WAIT_FOR_PRESENTATION
-define:PLATFORM_SUPPORTS_SPLIT_GRAPHICS_JOBS
-define:PLATFORM_USES_VULKAN_OLD_SWAPCHAIN
-define:USE_READ_ASYNC_MANAGED_API
-define:ENABLE_MONO
-define:NET_STANDARD_2_0
-define:NET_STANDARD
-define:NET_STANDARD_2_1
-define:NETSTANDARD
-define:NETSTANDARD2_1
-define:ENABLE_PROFILER
-define:DEBUG
-define:TRACE
-define:UNITY_ASSERTIONS
-define:UNITY_EDITOR
-define:UNITY_EDITOR_64
-define:UNITY_EDITOR_WIN
-define:ENABLE_UNITY_COLLECTIONS_CHECKS
-define:ENABLE_BURST_AOT
-define:UNITY_TEAM_LICENSE
-define:ENABLE_CUSTOM_RENDER_TEXTURE
-define:ENABLE_DIRECTOR
-define:ENABLE_LOCALIZATION
-define:ENABLE_SPRITES
-define:ENABLE_TERRAIN
-define:ENABLE_TILEMAP
-define:ENABLE_TIMELINE
-define:ENABLE_INPUT_SYSTEM
-define:TEXTCORE_FONT_ENGINE_1_5_OR_NEWER
-define:TEXTCORE_TEXT_ENGINE_1_5_OR_NEWER
-define:TEXTCORE_FONT_ENGINE_1_6_OR_NEWER
-define:CSHARP_7_OR_LATER
-define:CSHARP_7_3_OR_NEWER
-r:"C:/Program Files/Unity/Hub/Editor/6000.5.5f1/Editor/Data/BCLExtensions/TargetingPacks/netstandard2.1/ref/Microsoft.Bcl.AsyncInterfaces.dll"
-r:"C:/Program Files/Unity/Hub/Editor/6000.5.5f1/Editor/Data/BCLExtensions/TargetingPacks/netstandard2.1/ref/Microsoft.Extensions.DependencyInjection.Abstractions.dll"
-r:"C:/Program Files/Unity/Hub/Editor/6000.5.5f1/Editor/Data/BCLExtensions/TargetingPacks/netstandard2.1/ref/Microsoft.Extensions.Logging.Abstractions.dll"
-r:"C:/Program Files/Unity/Hub/Editor/6000.5.5f1/Editor/Data/BCLExtensions/TargetingPacks/netstandard2.1/ref/System.Collections.Immutable.dll"
-r:"C:/Program Files/Unity/Hub/Editor/6000.5.5f1/Editor/Data/BCLExtensions/TargetingPacks/netstandard2.1/ref/System.Diagnostics.DiagnosticSource.dll"
-r:"C:/Program Files/Unity/Hub/Editor/6000.5.5f1/Editor/Data/BCLExtensions/TargetingPacks/netstandard2.1/ref/System.IO.Hashing.dll"
-r:"C:/Program Files/Unity/Hub/Editor/6000.5.5f1/Editor/Data/BCLExtensions/TargetingPacks/netstandard2.1/ref/System.Reflection.Metadata.dll"
-r:"C:/Program Files/Unity/Hub/Editor/6000.5.5f1/Editor/Data/BCLExtensions/TargetingPacks/netstandard2.1/ref/System.Runtime.CompilerServices.Unsafe.dll"
-r:"C:/Program Files/Unity/Hub/Editor/6000.5.5f1/Editor/Data/BCLExtensions/TargetingPacks/netstandard2.1/ref/System.Text.Encodings.Web.dll"
-r:"C:/Program Files/Unity/Hub/Editor/6000.5.5f1/Editor/Data/BCLExtensions/TargetingPacks/netstandard2.1/ref/System.Text.Json.dll"
-r:"C:/Program Files/Unity/Hub/Editor/6000.5.5f1/Editor/Data/Managed/UnityEditor.Graphs.dll"
-r:"C:/Program Files/Unity/Hub/Editor/6000.5.5f1/Editor/Data/Managed/UnityEngine/Unity.Scripting.dll"
-r:"C:/Program Files/Unity/Hub/Editor/6000.5.5f1/Editor/Data/Managed/UnityEngine/UnityEditor.AIModule.dll"
-r:"C:/Program Files/Unity/Hub/Editor/6000.5.5f1/Editor/Data/Managed/UnityEngine/UnityEditor.AccessibilityModule.dll"
-r:"C:/Program Files/Unity/Hub/Editor/6000.5.5f1/Editor/Data/Managed/UnityEngine/UnityEditor.AdaptivePerformanceModule.dll"
-r:"C:/Program Files/Unity/Hub/Editor/6000.5.5f1/Editor/Data/Managed/UnityEngine/UnityEditor.AssetComplianceModule.dll"
-r:"C:/Program Files/Unity/Hub/Editor/6000.5.5f1/Editor/Data/Managed/UnityEngine/UnityEditor.BuildProfileModule.dll"
-r:"C:/Program Files/Unity/Hub/Editor/6000.5.5f1/Editor/Data/Managed/UnityEngine/UnityEditor.ClothModule.dll"
-r:"C:/Program Files/Unity/Hub/Editor/6000.5.5f1/Editor/Data/Managed/UnityEngine/UnityEditor.ContentLoadModule.dll"
-r:"C:/Program Files/Unity/Hub/Editor/6000.5.5f1/Editor/Data/Managed/UnityEngine/UnityEditor.CoreBusinessMetricsModule.dll"
-r:"C:/Program Files/Unity/Hub/Editor/6000.5.5f1/Editor/Data/Managed/UnityEngine/UnityEditor.CoreModule.dll"
-r:"C:/Program Files/Unity/Hub/Editor/6000.5.5f1/Editor/Data/Managed/UnityEngine/UnityEditor.DeviceSimulatorModule.dll"
-r:"C:/Program Files/Unity/Hub/Editor/6000.5.5f1/Editor/Data/Managed/UnityEngine/UnityEditor.DiagnosticsModule.dll"
-r:"C:/Program Files/Unity/Hub/Editor/6000.5.5f1/Editor/Data/Managed/UnityEngine/UnityEditor.EditorToolbarModule.dll"
-r:"C:/Program Files/Unity/Hub/Editor/6000.5.5f1/Editor/Data/Managed/UnityEngine/UnityEditor.EmbreeModule.dll"
-r:"C:/Program Files/Unity/Hub/Editor/6000.5.5f1/Editor/Data/Managed/UnityEngine/UnityEditor.GIModule.dll"
-r:"C:/Program Files/Unity/Hub/Editor/6000.5.5f1/Editor/Data/Managed/UnityEngine/UnityEditor.GenericRemoteModule.dll"
-r:"C:/Program Files/Unity/Hub/Editor/6000.5.5f1/Editor/Data/Managed/UnityEngine/UnityEditor.GraphToolkitModule.dll"
-r:"C:/Program Files/Unity/Hub/Editor/6000.5.5f1/Editor/Data/Managed/UnityEngine/UnityEditor.GraphViewModule.dll"
-r:"C:/Program Files/Unity/Hub/Editor/6000.5.5f1/Editor/Data/Managed/UnityEngine/UnityEditor.GraphicsStateCollectionSerializerModule.dll"
-r:"C:/Program Files/Unity/Hub/Editor/6000.5.5f1/Editor/Data/Managed/UnityEngine/UnityEditor.GridAndSnapModule.dll"
-r:"C:/Program Files/Unity/Hub/Editor/6000.5.5f1/Editor/Data/Managed/UnityEngine/UnityEditor.GridModule.dll"
-r:"C:/Program Files/Unity/Hub/Editor/6000.5.5f1/Editor/Data/Managed/UnityEngine/UnityEditor.HierarchyModule.dll"
-r:"C:/Program Files/Unity/Hub/Editor/6000.5.5f1/Editor/Data/Managed/UnityEngine/UnityEditor.LightingModule.dll"
-r:"C:/Program Files/Unity/Hub/Editor/6000.5.5f1/Editor/Data/Managed/UnityEngine/UnityEditor.MathematicsModule.dll"
-r:"C:/Program Files/Unity/Hub/Editor/6000.5.5f1/Editor/Data/Managed/UnityEngine/UnityEditor.MediaModule.dll"
-r:"C:/Program Files/Unity/Hub/Editor/6000.5.5f1/Editor/Data/Managed/UnityEngine/UnityEditor.MultiplayerModule.dll"
-r:"C:/Program Files/Unity/Hub/Editor/6000.5.5f1/Editor/Data/Managed/UnityEngine/UnityEditor.Physics2DModule.dll"
-r:"C:/Program Files/Unity/Hub/Editor/6000.5.5f1/Editor/Data/Managed/UnityEngine/UnityEditor.PhysicsCore2DModule.dll"
-r:"C:/Program Files/Unity/Hub/Editor/6000.5.5f1/Editor/Data/Managed/UnityEngine/UnityEditor.PhysicsModule.dll"
-r:"C:/Program Files/Unity/Hub/Editor/6000.5.5f1/Editor/Data/Managed/UnityEngine/UnityEditor.PlayModeModule.dll"
-r:"C:/Program Files/Unity/Hub/Editor/6000.5.5f1/Editor/Data/Managed/UnityEngine/UnityEditor.PresetsUIModule.dll"
-r:"C:/Program Files/Unity/Hub/Editor/6000.5.5f1/Editor/Data/Managed/UnityEngine/UnityEditor.ProjectAuditorModule.dll"
-r:"C:/Program Files/Unity/Hub/Editor/6000.5.5f1/Editor/Data/Managed/UnityEngine/UnityEditor.PropertiesModule.dll"
-r:"C:/Program Files/Unity/Hub/Editor/6000.5.5f1/Editor/Data/Managed/UnityEngine/UnityEditor.QuickInstallModule.dll"
-r:"C:/Program Files/Unity/Hub/Editor/6000.5.5f1/Editor/Data/Managed/UnityEngine/UnityEditor.QuickSearchModule.dll"
-r:"C:/Program Files/Unity/Hub/Editor/6000.5.5f1/Editor/Data/Managed/UnityEngine/UnityEditor.SafeModeModule.dll"
-r:"C:/Program Files/Unity/Hub/Editor/6000.5.5f1/Editor/Data/Managed/UnityEngine/UnityEditor.SceneTemplateModule.dll"
-r:"C:/Program Files/Unity/Hub/Editor/6000.5.5f1/Editor/Data/Managed/UnityEngine/UnityEditor.SceneViewModule.dll"
-r:"C:/Program Files/Unity/Hub/Editor/6000.5.5f1/Editor/Data/Managed/UnityEngine/UnityEditor.ShaderBuildSettingsModule.dll"
-r:"C:/Program Files/Unity/Hub/Editor/6000.5.5f1/Editor/Data/Managed/UnityEngine/UnityEditor.ShaderCompilationModule.dll"
-r:"C:/Program Files/Unity/Hub/Editor/6000.5.5f1/Editor/Data/Managed/UnityEngine/UnityEditor.ShaderFoundryModule.dll"
-r:"C:/Program Files/Unity/Hub/Editor/6000.5.5f1/Editor/Data/Managed/UnityEngine/UnityEditor.SketchUpModule.dll"
-r:"C:/Program Files/Unity/Hub/Editor/6000.5.5f1/Editor/Data/Managed/UnityEngine/UnityEditor.SpriteMaskModule.dll"
-r:"C:/Program Files/Unity/Hub/Editor/6000.5.5f1/Editor/Data/Managed/UnityEngine/UnityEditor.SpriteShapeModule.dll"
-r:"C:/Program Files/Unity/Hub/Editor/6000.5.5f1/Editor/Data/Managed/UnityEngine/UnityEditor.SubstanceModule.dll"
-r:"C:/Program Files/Unity/Hub/Editor/6000.5.5f1/Editor/Data/Managed/UnityEngine/UnityEditor.TerrainModule.dll"
-r:"C:/Program Files/Unity/Hub/Editor/6000.5.5f1/Editor/Data/Managed/UnityEngine/UnityEditor.TextCoreFontEngineModule.dll"
-r:"C:/Program Files/Unity/Hub/Editor/6000.5.5f1/Editor/Data/Managed/UnityEngine/UnityEditor.TextCoreTextEngineModule.dll"
-r:"C:/Program Files/Unity/Hub/Editor/6000.5.5f1/Editor/Data/Managed/UnityEngine/UnityEditor.TextRenderingModule.dll"
-r:"C:/Program Files/Unity/Hub/Editor/6000.5.5f1/Editor/Data/Managed/UnityEngine/UnityEditor.TilemapModule.dll"
-r:"C:/Program Files/Unity/Hub/Editor/6000.5.5f1/Editor/Data/Managed/UnityEngine/UnityEditor.TreeModule.dll"
-r:"C:/Program Files/Unity/Hub/Editor/6000.5.5f1/Editor/Data/Managed/UnityEngine/UnityEditor.U2DModule.dll"
-r:"C:/Program Files/Unity/Hub/Editor/6000.5.5f1/Editor/Data/Managed/UnityEngine/UnityEditor.UIAutomationModule.dll"
-r:"C:/Program Files/Unity/Hub/Editor/6000.5.5f1/Editor/Data/Managed/UnityEngine/UnityEditor.UIBuilderModule.dll"
-r:"C:/Program Files/Unity/Hub/Editor/6000.5.5f1/Editor/Data/Managed/UnityEngine/UnityEditor.UIElementsModule.dll"
-r:"C:/Program Files/Unity/Hub/Editor/6000.5.5f1/Editor/Data/Managed/UnityEngine/UnityEditor.UIElementsSamplesModule.dll"
-r:"C:/Program Files/Unity/Hub/Editor/6000.5.5f1/Editor/Data/Managed/UnityEngine/UnityEditor.UIToolkitAuthoringModule.dll"
-r:"C:/Program Files/Unity/Hub/Editor/6000.5.5f1/Editor/Data/Managed/UnityEngine/UnityEditor.UmbraModule.dll"
-r:"C:/Program Files/Unity/Hub/Editor/6000.5.5f1/Editor/Data/Managed/UnityEngine/UnityEditor.UnityConnectModule.dll"
-r:"C:/Program Files/Unity/Hub/Editor/6000.5.5f1/Editor/Data/Managed/UnityEngine/UnityEditor.VFXModule.dll"
-r:"C:/Program Files/Unity/Hub/Editor/6000.5.5f1/Editor/Data/Managed/UnityEngine/UnityEditor.VectorGraphicsModule.dll"
-r:"C:/Program Files/Unity/Hub/Editor/6000.5.5f1/Editor/Data/Managed/UnityEngine/UnityEditor.VideoModule.dll"
-r:"C:/Program Files/Unity/Hub/Editor/6000.5.5f1/Editor/Data/Managed/UnityEngine/UnityEditor.XRModule.dll"
-r:"C:/Program Files/Unity/Hub/Editor/6000.5.5f1/Editor/Data/Managed/UnityEngine/UnityEditor.dll"
-r:"C:/Program Files/Unity/Hub/Editor/6000.5.5f1/Editor/Data/Managed/UnityEngine/UnityEngine.ARModule.dll"
-r:"C:/Program Files/Unity/Hub/Editor/6000.5.5f1/Editor/Data/Managed/UnityEngine/UnityEngine.ClusterInputModule.dll"
-r:"C:/Program Files/Unity/Hub/Editor/6000.5.5f1/Editor/Data/Managed/UnityEngine/UnityEngine.ClusterRendererModule.dll"
-r:"C:/Program Files/Unity/Hub/Editor/6000.5.5f1/Editor/Data/Managed/UnityEngine/UnityEngine.ContentLoadModule.dll"
-r:"C:/Program Files/Unity/Hub/Editor/6000.5.5f1/Editor/Data/Managed/UnityEngine/UnityEngine.CoreModule.dll"
-r:"C:/Program Files/Unity/Hub/Editor/6000.5.5f1/Editor/Data/Managed/UnityEngine/UnityEngine.CrashReportingModule.dll"
-r:"C:/Program Files/Unity/Hub/Editor/6000.5.5f1/Editor/Data/Managed/UnityEngine/UnityEngine.DSPGraphModule.dll"
-r:"C:/Program Files/Unity/Hub/Editor/6000.5.5f1/Editor/Data/Managed/UnityEngine/UnityEngine.GIModule.dll"
-r:"C:/Program Files/Unity/Hub/Editor/6000.5.5f1/Editor/Data/Managed/UnityEngine/UnityEngine.GameCenterModule.dll"
-r:"C:/Program Files/Unity/Hub/Editor/6000.5.5f1/Editor/Data/Managed/UnityEngine/UnityEngine.GraphicsStateCollectionSerializerModule.dll"
-r:"C:/Program Files/Unity/Hub/Editor/6000.5.5f1/Editor/Data/Managed/UnityEngine/UnityEngine.GridModule.dll"
-r:"C:/Program Files/Unity/Hub/Editor/6000.5.5f1/Editor/Data/Managed/UnityEngine/UnityEngine.HotReloadModule.dll"
-r:"C:/Program Files/Unity/Hub/Editor/6000.5.5f1/Editor/Data/Managed/UnityEngine/UnityEngine.IdentifiersModule.dll"
-r:"C:/Program Files/Unity/Hub/Editor/6000.5.5f1/Editor/Data/Managed/UnityEngine/UnityEngine.InputForUIModule.dll"
-r:"C:/Program Files/Unity/Hub/Editor/6000.5.5f1/Editor/Data/Managed/UnityEngine/UnityEngine.InputLegacyModule.dll"
-r:"C:/Program Files/Unity/Hub/Editor/6000.5.5f1/Editor/Data/Managed/UnityEngine/UnityEngine.InputModule.dll"
-r:"C:/Program Files/Unity/Hub/Editor/6000.5.5f1/Editor/Data/Managed/UnityEngine/UnityEngine.InsightsModule.dll"
-r:"C:/Program Files/Unity/Hub/Editor/6000.5.5f1/Editor/Data/Managed/UnityEngine/UnityEngine.LocalizationModule.dll"
-r:"C:/Program Files/Unity/Hub/Editor/6000.5.5f1/Editor/Data/Managed/UnityEngine/UnityEngine.MarshallingModule.dll"
-r:"C:/Program Files/Unity/Hub/Editor/6000.5.5f1/Editor/Data/Managed/UnityEngine/UnityEngine.MathematicsModule.dll"
-r:"C:/Program Files/Unity/Hub/Editor/6000.5.5f1/Editor/Data/Managed/UnityEngine/UnityEngine.MultiplayerModule.dll"
-r:"C:/Program Files/Unity/Hub/Editor/6000.5.5f1/Editor/Data/Managed/UnityEngine/UnityEngine.PerformanceReportingModule.dll"
-r:"C:/Program Files/Unity/Hub/Editor/6000.5.5f1/Editor/Data/Managed/UnityEngine/UnityEngine.PhysicsBackendPhysXModule.dll"
-r:"C:/Program Files/Unity/Hub/Editor/6000.5.5f1/Editor/Data/Managed/UnityEngine/UnityEngine.PropertiesModule.dll"
-r:"C:/Program Files/Unity/Hub/Editor/6000.5.5f1/Editor/Data/Managed/UnityEngine/UnityEngine.RenderAs2DModule.dll"
-r:"C:/Program Files/Unity/Hub/Editor/6000.5.5f1/Editor/Data/Managed/UnityEngine/UnityEngine.RuntimeInitializeOnLoadManagerInitializerModule.dll"
-r:"C:/Program Files/Unity/Hub/Editor/6000.5.5f1/Editor/Data/Managed/UnityEngine/UnityEngine.ScriptingModule.dll"
-r:"C:/Program Files/Unity/Hub/Editor/6000.5.5f1/Editor/Data/Managed/UnityEngine/UnityEngine.ShaderVariantAnalyticsModule.dll"
-r:"C:/Program Files/Unity/Hub/Editor/6000.5.5f1/Editor/Data/Managed/UnityEngine/UnityEngine.SharedInternalsModule.dll"
-r:"C:/Program Files/Unity/Hub/Editor/6000.5.5f1/Editor/Data/Managed/UnityEngine/UnityEngine.SpriteMaskModule.dll"
-r:"C:/Program Files/Unity/Hub/Editor/6000.5.5f1/Editor/Data/Managed/UnityEngine/UnityEngine.SpriteShapeModule.dll"
-r:"C:/Program Files/Unity/Hub/Editor/6000.5.5f1/Editor/Data/Managed/UnityEngine/UnityEngine.StreamingModule.dll"
-r:"C:/Program Files/Unity/Hub/Editor/6000.5.5f1/Editor/Data/Managed/UnityEngine/UnityEngine.SubstanceModule.dll"
-r:"C:/Program Files/Unity/Hub/Editor/6000.5.5f1/Editor/Data/Managed/UnityEngine/UnityEngine.TLSModule.dll"
-r:"C:/Program Files/Unity/Hub/Editor/6000.5.5f1/Editor/Data/Managed/UnityEngine/UnityEngine.TextCoreFontEngineModule.dll"
-r:"C:/Program Files/Unity/Hub/Editor/6000.5.5f1/Editor/Data/Managed/UnityEngine/UnityEngine.TextCoreTextEngineModule.dll"
-r:"C:/Program Files/Unity/Hub/Editor/6000.5.5f1/Editor/Data/Managed/UnityEngine/UnityEngine.TextRenderingModule.dll"
-r:"C:/Program Files/Unity/Hub/Editor/6000.5.5f1/Editor/Data/Managed/UnityEngine/UnityEngine.U2DRuntimeModule.dll"
-r:"C:/Program Files/Unity/Hub/Editor/6000.5.5f1/Editor/Data/Managed/UnityEngine/UnityEngine.UnityAnalyticsCommonModule.dll"
-r:"C:/Program Files/Unity/Hub/Editor/6000.5.5f1/Editor/Data/Managed/UnityEngine/UnityEngine.UnityConnectModule.dll"
-r:"C:/Program Files/Unity/Hub/Editor/6000.5.5f1/Editor/Data/Managed/UnityEngine/UnityEngine.UnityConsentModule.dll"
-r:"C:/Program Files/Unity/Hub/Editor/6000.5.5f1/Editor/Data/Managed/UnityEngine/UnityEngine.UnityCurlModule.dll"
-r:"C:/Program Files/Unity/Hub/Editor/6000.5.5f1/Editor/Data/Managed/UnityEngine/UnityEngine.VFXModule.dll"
-r:"C:/Program Files/Unity/Hub/Editor/6000.5.5f1/Editor/Data/Managed/UnityEngine/UnityEngine.VirtualTexturingModule.dll"
-r:"C:/Program Files/Unity/Hub/Editor/6000.5.5f1/Editor/Data/Managed/UnityEngine/UnityEngine.dll"
-r:"C:/Program Files/Unity/Hub/Editor/6000.5.5f1/Editor/Data/NetStandard/Extensions/2.0.0/System.Runtime.InteropServices.WindowsRuntime.dll"
-r:"C:/Program Files/Unity/Hub/Editor/6000.5.5f1/Editor/Data/NetStandard/compat/2.1.0/shims/netfx/System.ComponentModel.Composition.dll"
-r:"C:/Program Files/Unity/Hub/Editor/6000.5.5f1/Editor/Data/NetStandard/compat/2.1.0/shims/netfx/System.Core.dll"
-r:"C:/Program Files/Unity/Hub/Editor/6000.5.5f1/Editor/Data/NetStandard/compat/2.1.0/shims/netfx/System.Data.dll"
-r:"C:/Program Files/Unity/Hub/Editor/6000.5.5f1/Editor/Data/NetStandard/compat/2.1.0/shims/netfx/System.Drawing.dll"
-r:"C:/Program Files/Unity/Hub/Editor/6000.5.5f1/Editor/Data/NetStandard/compat/2.1.0/shims/netfx/System.IO.Compression.FileSystem.dll"
-r:"C:/Program Files/Unity/Hub/Editor/6000.5.5f1/Editor/Data/NetStandard/compat/2.1.0/shims/netfx/System.Net.dll"
-r:"C:/Program Files/Unity/Hub/Editor/6000.5.5f1/Editor/Data/NetStandard/compat/2.1.0/shims/netfx/System.Numerics.dll"
-r:"C:/Program Files/Unity/Hub/Editor/6000.5.5f1/Editor/Data/NetStandard/compat/2.1.0/shims/netfx/System.Runtime.Serialization.dll"
-r:"C:/Program Files/Unity/Hub/Editor/6000.5.5f1/Editor/Data/NetStandard/compat/2.1.0/shims/netfx/System.ServiceModel.Web.dll"
-r:"C:/Program Files/Unity/Hub/Editor/6000.5.5f1/Editor/Data/NetStandard/compat/2.1.0/shims/netfx/System.Transactions.dll"
-r:"C:/Program Files/Unity/Hub/Editor/6000.5.5f1/Editor/Data/NetStandard/compat/2.1.0/shims/netfx/System.Web.dll"
-r:"C:/Program Files/Unity/Hub/Editor/6000.5.5f1/Editor/Data/NetStandard/compat/2.1.0/shims/netfx/System.Windows.dll"
-r:"C:/Program Files/Unity/Hub/Editor/6000.5.5f1/Editor/Data/NetStandard/compat/2.1.0/shims/netfx/System.Xml.Linq.dll"
-r:"C:/Program Files/Unity/Hub/Editor/6000.5.5f1/Editor/Data/NetStandard/compat/2.1.0/shims/netfx/System.Xml.Serialization.dll"
-r:"C:/Program Files/Unity/Hub/Editor/6000.5.5f1/Editor/Data/NetStandard/compat/2.1.0/shims/netfx/System.Xml.dll"
-r:"C:/Program Files/Unity/Hub/Editor/6000.5.5f1/Editor/Data/NetStandard/compat/2.1.0/shims/netfx/System.dll"
-r:"C:/Program Files/Unity/Hub/Editor/6000.5.5f1/Editor/Data/NetStandard/compat/2.1.0/shims/netfx/mscorlib.dll"
-r:"C:/Program Files/Unity/Hub/Editor/6000.5.5f1/Editor/Data/NetStandard/compat/2.1.0/shims/netstandard/Microsoft.Win32.Primitives.dll"
-r:"C:/Program Files/Unity/Hub/Editor/6000.5.5f1/Editor/Data/NetStandard/compat/2.1.0/shims/netstandard/System.AppContext.dll"
-r:"C:/Program Files/Unity/Hub/Editor/6000.5.5f1/Editor/Data/NetStandard/compat/2.1.0/shims/netstandard/System.Buffers.dll"
-r:"C:/Program Files/Unity/Hub/Editor/6000.5.5f1/Editor/Data/NetStandard/compat/2.1.0/shims/netstandard/System.Collections.Concurrent.dll"
-r:"C:/Program Files/Unity/Hub/Editor/6000.5.5f1/Editor/Data/NetStandard/compat/2.1.0/shims/netstandard/System.Collections.NonGeneric.dll"
-r:"C:/Program Files/Unity/Hub/Editor/6000.5.5f1/Editor/Data/NetStandard/compat/2.1.0/shims/netstandard/System.Collections.Specialized.dll"
-r:"C:/Program Files/Unity/Hub/Editor/6000.5.5f1/Editor/Data/NetStandard/compat/2.1.0/shims/netstandard/System.Collections.dll"
-r:"C:/Program Files/Unity/Hub/Editor/6000.5.5f1/Editor/Data/NetStandard/compat/2.1.0/shims/netstandard/System.ComponentModel.EventBasedAsync.dll"
-r:"C:/Program Files/Unity/Hub/Editor/6000.5.5f1/Editor/Data/NetStandard/compat/2.1.0/shims/netstandard/System.ComponentModel.Primitives.dll"
-r:"C:/Program Files/Unity/Hub/Editor/6000.5.5f1/Editor/Data/NetStandard/compat/2.1.0/shims/netstandard/System.ComponentModel.TypeConverter.dll"
-r:"C:/Program Files/Unity/Hub/Editor/6000.5.5f1/Editor/Data/NetStandard/compat/2.1.0/shims/netstandard/System.ComponentModel.dll"
-r:"C:/Program Files/Unity/Hub/Editor/6000.5.5f1/Editor/Data/NetStandard/compat/2.1.0/shims/netstandard/System.Console.dll"
-r:"C:/Program Files/Unity/Hub/Editor/6000.5.5f1/Editor/Data/NetStandard/compat/2.1.0/shims/netstandard/System.Data.Common.dll"
-r:"C:/Program Files/Unity/Hub/Editor/6000.5.5f1/Editor/Data/NetStandard/compat/2.1.0/shims/netstandard/System.Diagnostics.Contracts.dll"
-r:"C:/Program Files/Unity/Hub/Editor/6000.5.5f1/Editor/Data/NetStandard/compat/2.1.0/shims/netstandard/System.Diagnostics.Debug.dll"
-r:"C:/Program Files/Unity/Hub/Editor/6000.5.5f1/Editor/Data/NetStandard/compat/2.1.0/shims/netstandard/System.Diagnostics.FileVersionInfo.dll"
-r:"C:/Program Files/Unity/Hub/Editor/6000.5.5f1/Editor/Data/NetStandard/compat/2.1.0/shims/netstandard/System.Diagnostics.Process.dll"
-r:"C:/Program Files/Unity/Hub/Editor/6000.5.5f1/Editor/Data/NetStandard/compat/2.1.0/shims/netstandard/System.Diagnostics.StackTrace.dll"
-r:"C:/Program Files/Unity/Hub/Editor/6000.5.5f1/Editor/Data/NetStandard/compat/2.1.0/shims/netstandard/System.Diagnostics.TextWriterTraceListener.dll"
-r:"C:/Program Files/Unity/Hub/Editor/6000.5.5f1/Editor/Data/NetStandard/compat/2.1.0/shims/netstandard/System.Diagnostics.Tools.dll"
-r:"C:/Program Files/Unity/Hub/Editor/6000.5.5f1/Editor/Data/NetStandard/compat/2.1.0/shims/netstandard/System.Diagnostics.TraceSource.dll"
-r:"C:/Program Files/Unity/Hub/Editor/6000.5.5f1/Editor/Data/NetStandard/compat/2.1.0/shims/netstandard/System.Diagnostics.Tracing.dll"
-r:"C:/Program Files/Unity/Hub/Editor/6000.5.5f1/Editor/Data/NetStandard/compat/2.1.0/shims/netstandard/System.Drawing.Primitives.dll"
-r:"C:/Program Files/Unity/Hub/Editor/6000.5.5f1/Editor/Data/NetStandard/compat/2.1.0/shims/netstandard/System.Dynamic.Runtime.dll"
-r:"C:/Program Files/Unity/Hub/Editor/6000.5.5f1/Editor/Data/NetStandard/compat/2.1.0/shims/netstandard/System.Globalization.Calendars.dll"
-r:"C:/Program Files/Unity/Hub/Editor/6000.5.5f1/Editor/Data/NetStandard/compat/2.1.0/shims/netstandard/System.Globalization.Extensions.dll"
-r:"C:/Program Files/Unity/Hub/Editor/6000.5.5f1/Editor/Data/NetStandard/compat/2.1.0/shims/netstandard/System.Globalization.dll"
-r:"C:/Program Files/Unity/Hub/Editor/6000.5.5f1/Editor/Data/NetStandard/compat/2.1.0/shims/netstandard/System.IO.Compression.ZipFile.dll"
-r:"C:/Program Files/Unity/Hub/Editor/6000.5.5f1/Editor/Data/NetStandard/compat/2.1.0/shims/netstandard/System.IO.Compression.dll"
-r:"C:/Program Files/Unity/Hub/Editor/6000.5.5f1/Editor/Data/NetStandard/compat/2.1.0/shims/netstandard/System.IO.FileSystem.DriveInfo.dll"
-r:"C:/Program Files/Unity/Hub/Editor/6000.5.5f1/Editor/Data/NetStandard/compat/2.1.0/shims/netstandard/System.IO.FileSystem.Primitives.dll"
-r:"C:/Program Files/Unity/Hub/Editor/6000.5.5f1/Editor/Data/NetStandard/compat/2.1.0/shims/netstandard/System.IO.FileSystem.Watcher.dll"
-r:"C:/Program Files/Unity/Hub/Editor/6000.5.5f1/Editor/Data/NetStandard/compat/2.1.0/shims/netstandard/System.IO.FileSystem.dll"
-r:"C:/Program Files/Unity/Hub/Editor/6000.5.5f1/Editor/Data/NetStandard/compat/2.1.0/shims/netstandard/System.IO.IsolatedStorage.dll"
-r:"C:/Program Files/Unity/Hub/Editor/6000.5.5f1/Editor/Data/NetStandard/compat/2.1.0/shims/netstandard/System.IO.MemoryMappedFiles.dll"
-r:"C:/Program Files/Unity/Hub/Editor/6000.5.5f1/Editor/Data/NetStandard/compat/2.1.0/shims/netstandard/System.IO.Pipes.dll"
-r:"C:/Program Files/Unity/Hub/Editor/6000.5.5f1/Editor/Data/NetStandard/compat/2.1.0/shims/netstandard/System.IO.UnmanagedMemoryStream.dll"
-r:"C:/Program Files/Unity/Hub/Editor/6000.5.5f1/Editor/Data/NetStandard/compat/2.1.0/shims/netstandard/System.IO.dll"
-r:"C:/Program Files/Unity/Hub/Editor/6000.5.5f1/Editor/Data/NetStandard/compat/2.1.0/shims/netstandard/System.Linq.Expressions.dll"
-r:"C:/Program Files/Unity/Hub/Editor/6000.5.5f1/Editor/Data/NetStandard/compat/2.1.0/shims/netstandard/System.Linq.Parallel.dll"
-r:"C:/Program Files/Unity/Hub/Editor/6000.5.5f1/Editor/Data/NetStandard/compat/2.1.0/shims/netstandard/System.Linq.Queryable.dll"
-r:"C:/Program Files/Unity/Hub/Editor/6000.5.5f1/Editor/Data/NetStandard/compat/2.1.0/shims/netstandard/System.Linq.dll"
-r:"C:/Program Files/Unity/Hub/Editor/6000.5.5f1/Editor/Data/NetStandard/compat/2.1.0/shims/netstandard/System.Memory.dll"
-r:"C:/Program Files/Unity/Hub/Editor/6000.5.5f1/Editor/Data/NetStandard/compat/2.1.0/shims/netstandard/System.Net.Http.dll"
-r:"C:/Program Files/Unity/Hub/Editor/6000.5.5f1/Editor/Data/NetStandard/compat/2.1.0/shims/netstandard/System.Net.NameResolution.dll"
-r:"C:/Program Files/Unity/Hub/Editor/6000.5.5f1/Editor/Data/NetStandard/compat/2.1.0/shims/netstandard/System.Net.NetworkInformation.dll"
-r:"C:/Program Files/Unity/Hub/Editor/6000.5.5f1/Editor/Data/NetStandard/compat/2.1.0/shims/netstandard/System.Net.Ping.dll"
-r:"C:/Program Files/Unity/Hub/Editor/6000.5.5f1/Editor/Data/NetStandard/compat/2.1.0/shims/netstandard/System.Net.Primitives.dll"
-r:"C:/Program Files/Unity/Hub/Editor/6000.5.5f1/Editor/Data/NetStandard/compat/2.1.0/shims/netstandard/System.Net.Requests.dll"
-r:"C:/Program Files/Unity/Hub/Editor/6000.5.5f1/Editor/Data/NetStandard/compat/2.1.0/shims/netstandard/System.Net.Security.dll"
-r:"C:/Program Files/Unity/Hub/Editor/6000.5.5f1/Editor/Data/NetStandard/compat/2.1.0/shims/netstandard/System.Net.Sockets.dll"
-r:"C:/Program Files/Unity/Hub/Editor/6000.5.5f1/Editor/Data/NetStandard/compat/2.1.0/shims/netstandard/System.Net.WebHeaderCollection.dll"
-r:"C:/Program Files/Unity/Hub/Editor/6000.5.5f1/Editor/Data/NetStandard/compat/2.1.0/shims/netstandard/System.Net.WebSockets.Client.dll"
-r:"C:/Program Files/Unity/Hub/Editor/6000.5.5f1/Editor/Data/NetStandard/compat/2.1.0/shims/netstandard/System.Net.WebSockets.dll"
-r:"C:/Program Files/Unity/Hub/Editor/6000.5.5f1/Editor/Data/NetStandard/compat/2.1.0/shims/netstandard/System.Numerics.Vectors.dll"
-r:"C:/Program Files/Unity/Hub/Editor/6000.5.5f1/Editor/Data/NetStandard/compat/2.1.0/shims/netstandard/System.ObjectModel.dll"
-r:"C:/Program Files/Unity/Hub/Editor/6000.5.5f1/Editor/Data/NetStandard/compat/2.1.0/shims/netstandard/System.Reflection.DispatchProxy.dll"
-r:"C:/Program Files/Unity/Hub/Editor/6000.5.5f1/Editor/Data/NetStandard/compat/2.1.0/shims/netstandard/System.Reflection.Emit.ILGeneration.dll"
-r:"C:/Program Files/Unity/Hub/Editor/6000.5.5f1/Editor/Data/NetStandard/compat/2.1.0/shims/netstandard/System.Reflection.Emit.Lightweight.dll"
-r:"C:/Program Files/Unity/Hub/Editor/6000.5.5f1/Editor/Data/NetStandard/compat/2.1.0/shims/netstandard/System.Reflection.Emit.dll"
-r:"C:/Program Files/Unity/Hub/Editor/6000.5.5f1/Editor/Data/NetStandard/compat/2.1.0/shims/netstandard/System.Reflection.Extensions.dll"
-r:"C:/Program Files/Unity/Hub/Editor/6000.5.5f1/Editor/Data/NetStandard/compat/2.1.0/shims/netstandard/System.Reflection.Primitives.dll"
-r:"C:/Program Files/Unity/Hub/Editor/6000.5.5f1/Editor/Data/NetStandard/compat/2.1.0/shims/netstandard/System.Reflection.dll"
-r:"C:/Program Files/Unity/Hub/Editor/6000.5.5f1/Editor/Data/NetStandard/compat/2.1.0/shims/netstandard/System.Resources.Reader.dll"
-r:"C:/Program Files/Unity/Hub/Editor/6000.5.5f1/Editor/Data/NetStandard/compat/2.1.0/shims/netstandard/System.Resources.ResourceManager.dll"
-r:"C:/Program Files/Unity/Hub/Editor/6000.5.5f1/Editor/Data/NetStandard/compat/2.1.0/shims/netstandard/System.Resources.Writer.dll"
-r:"C:/Program Files/Unity/Hub/Editor/6000.5.5f1/Editor/Data/NetStandard/compat/2.1.0/shims/netstandard/System.Runtime.CompilerServices.VisualC.dll"
-r:"C:/Program Files/Unity/Hub/Editor/6000.5.5f1/Editor/Data/NetStandard/compat/2.1.0/shims/netstandard/System.Runtime.Extensions.dll"
-r:"C:/Program Files/Unity/Hub/Editor/6000.5.5f1/Editor/Data/NetStandard/compat/2.1.0/shims/netstandard/System.Runtime.Handles.dll"
-r:"C:/Program Files/Unity/Hub/Editor/6000.5.5f1/Editor/Data/NetStandard/compat/2.1.0/shims/netstandard/System.Runtime.InteropServices.RuntimeInformation.dll"
-r:"C:/Program Files/Unity/Hub/Editor/6000.5.5f1/Editor/Data/NetStandard/compat/2.1.0/shims/netstandard/System.Runtime.InteropServices.dll"
-r:"C:/Program Files/Unity/Hub/Editor/6000.5.5f1/Editor/Data/NetStandard/compat/2.1.0/shims/netstandard/System.Runtime.Numerics.dll"
-r:"C:/Program Files/Unity/Hub/Editor/6000.5.5f1/Editor/Data/NetStandard/compat/2.1.0/shims/netstandard/System.Runtime.Serialization.Formatters.dll"
-r:"C:/Program Files/Unity/Hub/Editor/6000.5.5f1/Editor/Data/NetStandard/compat/2.1.0/shims/netstandard/System.Runtime.Serialization.Json.dll"
-r:"C:/Program Files/Unity/Hub/Editor/6000.5.5f1/Editor/Data/NetStandard/compat/2.1.0/shims/netstandard/System.Runtime.Serialization.Primitives.dll"
-r:"C:/Program Files/Unity/Hub/Editor/6000.5.5f1/Editor/Data/NetStandard/compat/2.1.0/shims/netstandard/System.Runtime.Serialization.Xml.dll"
-r:"C:/Program Files/Unity/Hub/Editor/6000.5.5f1/Editor/Data/NetStandard/compat/2.1.0/shims/netstandard/System.Runtime.dll"
-r:"C:/Program Files/Unity/Hub/Editor/6000.5.5f1/Editor/Data/NetStandard/compat/2.1.0/shims/netstandard/System.Security.Claims.dll"
-r:"C:/Program Files/Unity/Hub/Editor/6000.5.5f1/Editor/Data/NetStandard/compat/2.1.0/shims/netstandard/System.Security.Cryptography.Algorithms.dll"
-r:"C:/Program Files/Unity/Hub/Editor/6000.5.5f1/Editor/Data/NetStandard/compat/2.1.0/shims/netstandard/System.Security.Cryptography.Csp.dll"
-r:"C:/Program Files/Unity/Hub/Editor/6000.5.5f1/Editor/Data/NetStandard/compat/2.1.0/shims/netstandard/System.Security.Cryptography.Encoding.dll"
-r:"C:/Program Files/Unity/Hub/Editor/6000.5.5f1/Editor/Data/NetStandard/compat/2.1.0/shims/netstandard/System.Security.Cryptography.Primitives.dll"
-r:"C:/Program Files/Unity/Hub/Editor/6000.5.5f1/Editor/Data/NetStandard/compat/2.1.0/shims/netstandard/System.Security.Cryptography.X509Certificates.dll"
-r:"C:/Program Files/Unity/Hub/Editor/6000.5.5f1/Editor/Data/NetStandard/compat/2.1.0/shims/netstandard/System.Security.Principal.dll"
-r:"C:/Program Files/Unity/Hub/Editor/6000.5.5f1/Editor/Data/NetStandard/compat/2.1.0/shims/netstandard/System.Security.SecureString.dll"
-r:"C:/Program Files/Unity/Hub/Editor/6000.5.5f1/Editor/Data/NetStandard/compat/2.1.0/shims/netstandard/System.Text.Encoding.Extensions.dll"
-r:"C:/Program Files/Unity/Hub/Editor/6000.5.5f1/Editor/Data/NetStandard/compat/2.1.0/shims/netstandard/System.Text.Encoding.dll"
-r:"C:/Program Files/Unity/Hub/Editor/6000.5.5f1/Editor/Data/NetStandard/compat/2.1.0/shims/netstandard/System.Text.RegularExpressions.dll"
-r:"C:/Program Files/Unity/Hub/Editor/6000.5.5f1/Editor/Data/NetStandard/compat/2.1.0/shims/netstandard/System.Threading.Overlapped.dll"
-r:"C:/Program Files/Unity/Hub/Editor/6000.5.5f1/Editor/Data/NetStandard/compat/2.1.0/shims/netstandard/System.Threading.Tasks.Extensions.dll"
-r:"C:/Program Files/Unity/Hub/Editor/6000.5.5f1/Editor/Data/NetStandard/compat/2.1.0/shims/netstandard/System.Threading.Tasks.Parallel.dll"
-r:"C:/Program Files/Unity/Hub/Editor/6000.5.5f1/Editor/Data/NetStandard/compat/2.1.0/shims/netstandard/System.Threading.Tasks.dll"
-r:"C:/Program Files/Unity/Hub/Editor/6000.5.5f1/Editor/Data/NetStandard/compat/2.1.0/shims/netstandard/System.Threading.Thread.dll"
-r:"C:/Program Files/Unity/Hub/Editor/6000.5.5f1/Editor/Data/NetStandard/compat/2.1.0/shims/netstandard/System.Threading.ThreadPool.dll"
-r:"C:/Program Files/Unity/Hub/Editor/6000.5.5f1/Editor/Data/NetStandard/compat/2.1.0/shims/netstandard/System.Threading.Timer.dll"
-r:"C:/Program Files/Unity/Hub/Editor/6000.5.5f1/Editor/Data/NetStandard/compat/2.1.0/shims/netstandard/System.Threading.dll"
-r:"C:/Program Files/Unity/Hub/Editor/6000.5.5f1/Editor/Data/NetStandard/compat/2.1.0/shims/netstandard/System.ValueTuple.dll"
-r:"C:/Program Files/Unity/Hub/Editor/6000.5.5f1/Editor/Data/NetStandard/compat/2.1.0/shims/netstandard/System.Xml.ReaderWriter.dll"
-r:"C:/Program Files/Unity/Hub/Editor/6000.5.5f1/Editor/Data/NetStandard/compat/2.1.0/shims/netstandard/System.Xml.XDocument.dll"
-r:"C:/Program Files/Unity/Hub/Editor/6000.5.5f1/Editor/Data/NetStandard/compat/2.1.0/shims/netstandard/System.Xml.XPath.XDocument.dll"
-r:"C:/Program Files/Unity/Hub/Editor/6000.5.5f1/Editor/Data/NetStandard/compat/2.1.0/shims/netstandard/System.Xml.XPath.dll"
-r:"C:/Program Files/Unity/Hub/Editor/6000.5.5f1/Editor/Data/NetStandard/compat/2.1.0/shims/netstandard/System.Xml.XmlDocument.dll"
-r:"C:/Program Files/Unity/Hub/Editor/6000.5.5f1/Editor/Data/NetStandard/compat/2.1.0/shims/netstandard/System.Xml.XmlSerializer.dll"
-r:"C:/Program Files/Unity/Hub/Editor/6000.5.5f1/Editor/Data/NetStandard/ref/2.1.0/netstandard.dll"
-r:"C:/Program Files/Unity/Hub/Editor/6000.5.5f1/Editor/Data/PlaybackEngines/WebGLSupport/UnityEditor.WebGL.Extensions.dll"
-r:"C:/Program Files/Unity/Hub/Editor/6000.5.5f1/Editor/Data/PlaybackEngines/WindowsStandaloneSupport/UnityEditor.WindowsStandalone.Extensions.dll"
-analyzer:"C:/Program Files/Unity/Hub/Editor/6000.5.5f1/Editor/Data/BCLExtensions/TargetingPacks/netstandard2.1/analyzers/dotnet/roslyn4.0/cs/Microsoft.Extensions.Logging.Generators.dll"
-analyzer:"C:/Program Files/Unity/Hub/Editor/6000.5.5f1/Editor/Data/BCLExtensions/TargetingPacks/netstandard2.1/analyzers/dotnet/roslyn4.0/cs/System.Text.Json.SourceGeneration.dll"
-analyzer:"C:/Program Files/Unity/Hub/Editor/6000.5.5f1/Editor/Data/Tools/BuildPipeline/Unity.Analyzers.Common/Unity.Analyzers.Common.dll"
-analyzer:"C:/Program Files/Unity/Hub/Editor/6000.5.5f1/Editor/Data/Tools/BuildPipeline/Unity.Analyzers.LongLiving/Unity.Analyzers.LongLiving.dll"
-analyzer:"C:/Program Files/Unity/Hub/Editor/6000.5.5f1/Editor/Data/Tools/BuildPipeline/Unity.SourceGenerators/Unity.Properties.SourceGenerator.dll"
-analyzer:"C:/Program Files/Unity/Hub/Editor/6000.5.5f1/Editor/Data/Tools/BuildPipeline/Unity.SourceGenerators/Unity.SourceGenerators.dll"
-analyzer:"C:/Program Files/Unity/Hub/Editor/6000.5.5f1/Editor/Data/Tools/BuildPipeline/Unity.SourceGenerators/Unity.UIToolkit.SourceGenerator.dll"
"Assets/Scripts/Combat/EnemyHealth.cs"
"Assets/Scripts/Combat/PlayerSwordShooter.cs"
"Assets/Scripts/Combat/SwordProjectile.cs"
"Assets/Scripts/Items/ItemData.cs"
"Assets/Scripts/Items/ItemHotbarController.cs"
"Assets/Scripts/Items/ItemHotbarUIFactory.cs"
"Assets/Scripts/Items/ItemHotbarView.cs"
"Assets/Scripts/Items/PlayerInventory.cs"
"Assets/Scripts/PlayerMovement.cs"
"Assets/Scripts/Stage1ItemHotbarSetup.cs"
"Assets/Scripts/Stage1MapDefinition.cs"
"Assets/Scripts/Stage1RuntimeBootstrap.cs"
-langversion:9.0
/deterministic
/optimize+
/debug:portable
/nologo
/RuntimeMetadataVersion:v4.0.30319
/nowarn:0169
/nowarn:0649
/nowarn:0282
/nowarn:1701
/nowarn:1702
/utf8output
/preferreduilang:en-US
/additionalfile:"Library/Bee/artifacts/1900b0aE.dag/NaManMoo.Runtime.UnityAdditionalFile.txt"
##### Custom Environment Variables
DOTNET_HOST_PATH=C:\Program Files\Unity\Hub\Editor\6000.5.5f1\Editor\Data\DotNetSdk\dotnet.exe
DOTNET_MULTILEVEL_LOOKUP=0
##### ExitCode
1
##### Output
Assets\Scripts\Combat\PlayerSwordShooter.cs(2,19): error CS0234: The type or namespace name 'InputSystem' does not exist in the namespace 'UnityEngine' (are you missing an assembly reference?)

Assets\Scripts\Items\ItemHotbarController.cs(2,19): error CS0234: The type or namespace name 'InputSystem' does not exist in the namespace 'UnityEngine' (are you missing an assembly reference?)

Assets\Scripts\Items\ItemHotbarUIFactory.cs(2,19): error CS0234: The type or namespace name 'UI' does not exist in the namespace 'UnityEngine' (are you missing an assembly reference?)

Assets\Scripts\Items\ItemHotbarView.cs(2,19): error CS0234: The type or namespace name 'UI' does not exist in the namespace 'UnityEngine' (are you missing an assembly reference?)

Assets\Scripts\PlayerMovement.cs(2,19): error CS0234: The type or namespace name 'InputSystem' does not exist in the namespace 'UnityEngine' (are you missing an assembly reference?)

Assets\Scripts\Stage1ItemHotbarSetup.cs(2,19): error CS0234: The type or namespace name 'EventSystems' does not exist in the namespace 'UnityEngine' (are you missing an assembly reference?)

Assets\Scripts\Stage1ItemHotbarSetup.cs(3,19): error CS0234: The type or namespace name 'InputSystem' does not exist in the namespace 'UnityEngine' (are you missing an assembly reference?)

Assets\Scripts\Stage1ItemHotbarSetup.cs(4,19): error CS0234: The type or namespace name 'UI' does not exist in the namespace 'UnityEngine' (are you missing an assembly reference?)

Assets\Scripts\Combat\SwordProjectile.cs(57,35): error CS1069: The type name 'Collider2D' could not be found in the namespace 'UnityEngine'. This type has been forwarded to assembly 'UnityEngine.Physics2DModule, Version=0.0.0.0, Culture=neutral, PublicKeyToken=null' Consider adding a reference to that assembly.

Assets\Scripts\Combat\SwordProjectile.cs(62,24): error CS1069: The type name 'Collider2D' could not be found in the namespace 'UnityEngine'. This type has been forwarded to assembly 'UnityEngine.Physics2DModule, Version=0.0.0.0, Culture=neutral, PublicKeyToken=null' Consider adding a reference to that assembly.

Assets\Scripts\Combat\SwordProjectile.cs(81,34): error CS1069: The type name 'Collider2D' could not be found in the namespace 'UnityEngine'. This type has been forwarded to assembly 'UnityEngine.Physics2DModule, Version=0.0.0.0, Culture=neutral, PublicKeyToken=null' Consider adding a reference to that assembly.

Assets\Scripts\Items\ItemHotbarController.cs(47,33): error CS0246: The type or namespace name 'Keyboard' could not be found (are you missing a using directive or an assembly reference?)

Assets\Scripts\Combat\PlayerSwordShooter.cs(57,46): error CS0246: The type or namespace name 'Keyboard' could not be found (are you missing a using directive or an assembly reference?)

Assets\Scripts\Combat\PlayerSwordShooter.cs(73,30): error CS0246: The type or namespace name 'Keyboard' could not be found (are you missing a using directive or an assembly reference?)

Assets\Scripts\Items\ItemHotbarUIFactory.cs(81,65): error CS0246: The type or namespace name 'Image' could not be found (are you missing a using directive or an assembly reference?)

Assets\Scripts\Items\ItemHotbarView.cs(42,9): error CS0246: The type or namespace name 'Image' could not be found (are you missing a using directive or an assembly reference?)

Assets\Scripts\Items\ItemHotbarUIFactory.cs(102,20): error CS0246: The type or namespace name 'Image' could not be found (are you missing a using directive or an assembly reference?)

Assets\Scripts\Items\ItemHotbarView.cs(52,9): error CS0246: The type or namespace name 'Image' could not be found (are you missing a using directive or an assembly reference?)

Assets\Scripts\Items\ItemHotbarUIFactory.cs(165,20): error CS0246: The type or namespace name 'Image' could not be found (are you missing a using directive or an assembly reference?)

Assets\Scripts\Items\ItemHotbarView.cs(27,30): error CS0246: The type or namespace name 'Image' could not be found (are you missing a using directive or an assembly reference?)

Assets\Scripts\PlayerMovement.cs(4,26): error CS1069: The type name 'Rigidbody2D' could not be found in the namespace 'UnityEngine'. This type has been forwarded to assembly 'UnityEngine.Physics2DModule, Version=0.0.0.0, Culture=neutral, PublicKeyToken=null' Consider adding a reference to that assembly.

Assets\Scripts\PlayerMovement.cs(10,13): error CS1069: The type name 'Rigidbody2D' could not be found in the namespace 'UnityEngine'. This type has been forwarded to assembly 'UnityEngine.Physics2DModule, Version=0.0.0.0, Culture=neutral, PublicKeyToken=null' Consider adding a reference to that assembly.
*** Tundra build failed (2.29 seconds), 13 items updated, 184 evaluated
[Script Updater] Failed to resolve 'Image' expression : Assets/Scripts/Items/ItemHotbarUIFactory.cs (44,25). This may cause expected updates to not be applied.
[Script Updater] Failed to resolve 'Image' expression : Assets/Scripts/Items/ItemHotbarView.cs (27,30). This may cause expected updates to not be applied.
[Script Updater] Failed to resolve 'Image' expression : Assets/Scripts/Items/ItemHotbarUIFactory.cs (66,115). This may cause expected updates to not be applied.
[Script Updater] Failed to resolve 'Image' expression : Assets/Scripts/Items/ItemHotbarView.cs (42,9). This may cause expected updates to not be applied.
[Script Updater] Failed to resolve 'Image' expression : Assets/Scripts/Items/ItemHotbarView.cs (52,9). This may cause expected updates to not be applied.
[Script Updater] Failed to resolve 'Image' expression : Assets/Scripts/Items/ItemHotbarUIFactory.cs (75,9). This may cause expected updates to not be applied.
[Script Updater] Failed to resolve 'Image' expression : Assets/Scripts/Items/ItemHotbarUIFactory.cs (75,58). This may cause expected updates to not be applied.
[Script Updater] Failed to resolve 'Image' expression : Assets/Scripts/Items/ItemHotbarUIFactory.cs (81,65). This may cause expected updates to not be applied.
[Script Updater] Failed to resolve 'Image' expression : Assets/Scripts/Items/ItemHotbarView.cs (111,13). This may cause expected updates to not be applied.
[Script Updater] Failed to resolve 'Image' expression : Assets/Scripts/Items/ItemHotbarUIFactory.cs (83,118). This may cause expected updates to not be applied.
[Script Updater] Failed to resolve 'Image' expression : Assets/Scripts/Items/ItemHotbarUIFactory.cs (94,9). This may cause expected updates to not be applied.
[Script Updater] Failed to resolve 'Image' expression : Assets/Scripts/Items/ItemHotbarUIFactory.cs (94,51). This may cause expected updates to not be applied.
[Script Updater] Failed to resolve 'Image' expression : Assets/Scripts/Items/ItemHotbarUIFactory.cs (102,20). This may cause expected updates to not be applied.
[Script Updater] Failed to resolve 'Image' expression : Assets/Scripts/Items/ItemHotbarUIFactory.cs (104,103). This may cause expected updates to not be applied.
[Script Updater] Failed to resolve 'Image' expression : Assets/Scripts/Items/ItemHotbarUIFactory.cs (113,9). This may cause expected updates to not be applied.
[Script Updater] Failed to resolve 'Image' expression : Assets/Scripts/Items/ItemHotbarUIFactory.cs (113,46). This may cause expected updates to not be applied.
[Script Updater] Failed to resolve 'Image' expression : Assets/Scripts/Items/ItemHotbarUIFactory.cs (145,9). This may cause expected updates to not be applied.
[Script Updater] Failed to resolve 'Image' expression : Assets/Scripts/Items/ItemHotbarUIFactory.cs (156,9). This may cause expected updates to not be applied.
[Script Updater] Failed to resolve 'Image' expression : Assets/Scripts/Items/ItemHotbarUIFactory.cs (165,20). This may cause expected updates to not be applied.
[Script Updater] Failed to resolve 'Image' expression : Assets/Scripts/Items/ItemHotbarUIFactory.cs (167,101). This may cause expected updates to not be applied.
[Script Updater] Failed to resolve 'Image' expression : Assets/Scripts/Items/ItemHotbarUIFactory.cs (170,9). This may cause expected updates to not be applied.
[Script Updater] Failed to resolve 'Image' expression : Assets/Scripts/Items/ItemHotbarUIFactory.cs (170,46). This may cause expected updates to not be applied.
[ApiUpdater] Total time: 1115ms, Parse response file: 51ms, Collect updater configs: 646ms, Update: 418ms, Save: 0ms Files: 0 modified / 8 visited / 12 total (Library/Bee/artifacts/1900b0aE.dag/NaManMoo.Runtime.dll).
## Script Compilation Error for: Csc Library/Bee/artifacts/1900b0aE.dag/NaManMoo.Runtime.dll (+2 others)
## CmdLine: "C:\Program Files\Unity\Hub\Editor\6000.5.5f1\Editor\Data\DotNetSdk\dotnet.exe" exec "C:/Program Files/Unity/Hub/Editor/6000.5.5f1/Editor/Data/DotNetSdk/sdk/8.0.318/Roslyn/bincore/csc.dll" /nostdlib /noconfig /shared "@Library/Bee/artifacts/1900b0aE.dag/NaManMoo.Runtime.rsp" "@Library/Bee/artifacts/1900b0aE.dag/NaManMoo.Runtime.rsp2"
## Output:
Assets\Scripts\Combat\PlayerSwordShooter.cs(2,19): error CS0234: The type or namespace name 'InputSystem' does not exist in the namespace 'UnityEngine' (are you missing an assembly reference?)
Assets\Scripts\Items\ItemHotbarController.cs(2,19): error CS0234: The type or namespace name 'InputSystem' does not exist in the namespace 'UnityEngine' (are you missing an assembly reference?)
Assets\Scripts\Items\ItemHotbarUIFactory.cs(2,19): error CS0234: The type or namespace name 'UI' does not exist in the namespace 'UnityEngine' (are you missing an assembly reference?)
Assets\Scripts\Items\ItemHotbarView.cs(2,19): error CS0234: The type or namespace name 'UI' does not exist in the namespace 'UnityEngine' (are you missing an assembly reference?)
Assets\Scripts\PlayerMovement.cs(2,19): error CS0234: The type or namespace name 'InputSystem' does not exist in the namespace 'UnityEngine' (are you missing an assembly reference?)
Assets\Scripts\Stage1ItemHotbarSetup.cs(2,19): error CS0234: The type or namespace name 'EventSystems' does not exist in the namespace 'UnityEngine' (are you missing an assembly reference?)
Assets\Scripts\Stage1ItemHotbarSetup.cs(3,19): error CS0234: The type or namespace name 'InputSystem' does not exist in the namespace 'UnityEngine' (are you missing an assembly reference?)
Assets\Scripts\Stage1ItemHotbarSetup.cs(4,19): error CS0234: The type or namespace name 'UI' does not exist in the namespace 'UnityEngine' (are you missing an assembly reference?)
Assets\Scripts\Combat\SwordProjectile.cs(57,35): error CS1069: The type name 'Collider2D' could not be found in the namespace 'UnityEngine'. This type has been forwarded to assembly 'UnityEngine.Physics2DModule, Version=0.0.0.0, Culture=neutral, PublicKeyToken=null' Consider adding a reference to that assembly.
Assets\Scripts\Combat\SwordProjectile.cs(62,24): error CS1069: The type name 'Collider2D' could not be found in the namespace 'UnityEngine'. This type has been forwarded to assembly 'UnityEngine.Physics2DModule, Version=0.0.0.0, Culture=neutral, PublicKeyToken=null' Consider adding a reference to that assembly.
Assets\Scripts\Combat\SwordProjectile.cs(81,34): error CS1069: The type name 'Collider2D' could not be found in the namespace 'UnityEngine'. This type has been forwarded to assembly 'UnityEngine.Physics2DModule, Version=0.0.0.0, Culture=neutral, PublicKeyToken=null' Consider adding a reference to that assembly.
Assets\Scripts\Items\ItemHotbarController.cs(47,33): error CS0246: The type or namespace name 'Keyboard' could not be found (are you missing a using directive or an assembly reference?)
Assets\Scripts\Combat\PlayerSwordShooter.cs(57,46): error CS0246: The type or namespace name 'Keyboard' could not be found (are you missing a using directive or an assembly reference?)
Assets\Scripts\Combat\PlayerSwordShooter.cs(73,30): error CS0246: The type or namespace name 'Keyboard' could not be found (are you missing a using directive or an assembly reference?)
Assets\Scripts\Items\ItemHotbarUIFactory.cs(81,65): error CS0246: The type or namespace name 'Image' could not be found (are you missing a using directive or an assembly reference?)
Assets\Scripts\Items\ItemHotbarView.cs(42,9): error CS0246: The type or namespace name 'Image' could not be found (are you missing a using directive or an assembly reference?)
Assets\Scripts\Items\ItemHotbarUIFactory.cs(102,20): error CS0246: The type or namespace name 'Image' could not be found (are you missing a using directive or an assembly reference?)
Assets\Scripts\Items\ItemHotbarView.cs(52,9): error CS0246: The type or namespace name 'Image' could not be found (are you missing a using directive or an assembly reference?)
Assets\Scripts\Items\ItemHotbarUIFactory.cs(165,20): error CS0246: The type or namespace name 'Image' could not be found (are you missing a using directive or an assembly reference?)
Assets\Scripts\Items\ItemHotbarView.cs(27,30): error CS0246: The type or namespace name 'Image' could not be found (are you missing a using directive or an assembly reference?)
Assets\Scripts\PlayerMovement.cs(4,26): error CS1069: The type name 'Rigidbody2D' could not be found in the namespace 'UnityEngine'. This type has been forwarded to assembly 'UnityEngine.Physics2DModule, Version=0.0.0.0, Culture=neutral, PublicKeyToken=null' Consider adding a reference to that assembly.
Assets\Scripts\PlayerMovement.cs(10,13): error CS1069: The type name 'Rigidbody2D' could not be found in the namespace 'UnityEngine'. This type has been forwarded to assembly 'UnityEngine.Physics2DModule, Version=0.0.0.0, Culture=neutral, PublicKeyToken=null' Consider adding a reference to that assembly.

Script updater for Library\Bee\artifacts\1900b0aE.dag\NaManMoo.Runtime.dll failed to produce updates.txt file (response file: Library/Bee/artifacts/1900b0aE.dag/NaManMoo.Runtime.rsp, MovedFromCache: C:/Users/myong/NaManMoo/Library/Bee/artifacts/1900b0aE.dag/NaManMoo.Runtime.dll.mvfrm
Assets\Scripts\Combat\PlayerSwordShooter.cs(2,19): error CS0234: The type or namespace name 'InputSystem' does not exist in the namespace 'UnityEngine' (are you missing an assembly reference?)
Assets\Scripts\Items\ItemHotbarController.cs(2,19): error CS0234: The type or namespace name 'InputSystem' does not exist in the namespace 'UnityEngine' (are you missing an assembly reference?)
Assets\Scripts\Items\ItemHotbarUIFactory.cs(2,19): error CS0234: The type or namespace name 'UI' does not exist in the namespace 'UnityEngine' (are you missing an assembly reference?)
Assets\Scripts\Items\ItemHotbarView.cs(2,19): error CS0234: The type or namespace name 'UI' does not exist in the namespace 'UnityEngine' (are you missing an assembly reference?)
Assets\Scripts\PlayerMovement.cs(2,19): error CS0234: The type or namespace name 'InputSystem' does not exist in the namespace 'UnityEngine' (are you missing an assembly reference?)
Assets\Scripts\Stage1ItemHotbarSetup.cs(2,19): error CS0234: The type or namespace name 'EventSystems' does not exist in the namespace 'UnityEngine' (are you missing an assembly reference?)
Assets\Scripts\Stage1ItemHotbarSetup.cs(3,19): error CS0234: The type or namespace name 'InputSystem' does not exist in the namespace 'UnityEngine' (are you missing an assembly reference?)
Assets\Scripts\Stage1ItemHotbarSetup.cs(4,19): error CS0234: The type or namespace name 'UI' does not exist in the namespace 'UnityEngine' (are you missing an assembly reference?)
Assets\Scripts\Combat\SwordProjectile.cs(57,35): error CS1069: The type name 'Collider2D' could not be found in the namespace 'UnityEngine'. This type has been forwarded to assembly 'UnityEngine.Physics2DModule, Version=0.0.0.0, Culture=neutral, PublicKeyToken=null' Enable the built in package 'Physics 2D' in the Package Manager window to fix this error.
Assets\Scripts\Combat\SwordProjectile.cs(62,24): error CS1069: The type name 'Collider2D' could not be found in the namespace 'UnityEngine'. This type has been forwarded to assembly 'UnityEngine.Physics2DModule, Version=0.0.0.0, Culture=neutral, PublicKeyToken=null' Enable the built in package 'Physics 2D' in the Package Manager window to fix this error.
Assets\Scripts\Combat\SwordProjectile.cs(81,34): error CS1069: The type name 'Collider2D' could not be found in the namespace 'UnityEngine'. This type has been forwarded to assembly 'UnityEngine.Physics2DModule, Version=0.0.0.0, Culture=neutral, PublicKeyToken=null' Enable the built in package 'Physics 2D' in the Package Manager window to fix this error.
Assets\Scripts\Items\ItemHotbarController.cs(47,33): error CS0246: The type or namespace name 'Keyboard' could not be found (are you missing a using directive or an assembly reference?)
Assets\Scripts\Combat\PlayerSwordShooter.cs(57,46): error CS0246: The type or namespace name 'Keyboard' could not be found (are you missing a using directive or an assembly reference?)
Assets\Scripts\Combat\PlayerSwordShooter.cs(73,30): error CS0246: The type or namespace name 'Keyboard' could not be found (are you missing a using directive or an assembly reference?)
Assets\Scripts\Items\ItemHotbarUIFactory.cs(81,65): error CS0246: The type or namespace name 'Image' could not be found (are you missing a using directive or an assembly reference?)
Assets\Scripts\Items\ItemHotbarView.cs(42,9): error CS0246: The type or namespace name 'Image' could not be found (are you missing a using directive or an assembly reference?)
Assets\Scripts\Items\ItemHotbarUIFactory.cs(102,20): error CS0246: The type or namespace name 'Image' could not be found (are you missing a using directive or an assembly reference?)
Assets\Scripts\Items\ItemHotbarView.cs(52,9): error CS0246: The type or namespace name 'Image' could not be found (are you missing a using directive or an assembly reference?)
Assets\Scripts\Items\ItemHotbarUIFactory.cs(165,20): error CS0246: The type or namespace name 'Image' could not be found (are you missing a using directive or an assembly reference?)
Assets\Scripts\Items\ItemHotbarView.cs(27,30): error CS0246: The type or namespace name 'Image' could not be found (are you missing a using directive or an assembly reference?)
Assets\Scripts\PlayerMovement.cs(4,26): error CS1069: The type name 'Rigidbody2D' could not be found in the namespace 'UnityEngine'. This type has been forwarded to assembly 'UnityEngine.Physics2DModule, Version=0.0.0.0, Culture=neutral, PublicKeyToken=null' Enable the built in package 'Physics 2D' in the Package Manager window to fix this error.
Assets\Scripts\PlayerMovement.cs(10,13): error CS1069: The type name 'Rigidbody2D' could not be found in the namespace 'UnityEngine'. This type has been forwarded to assembly 'UnityEngine.Physics2DModule, Version=0.0.0.0, Culture=neutral, PublicKeyToken=null' Enable the built in package 'Physics 2D' in the Package Manager window to fix this error.
AssetDatabase: script compilation time: 454.312601s
Scripts have compiler errors.
Exiting without the bug reporter. Application will terminate with return code 1